 MotorWorking_cgxe

 Timestamp is 665472ee (Mon May 27 13:47:58 2024)

 Preferred load address is 0000000180000000

 Start         Length     Name                   Class
 0001:00000000 00012e80H .text$mn                CODE
 0001:00012e80 00000036H .text$mn$00             CODE
 0001:00012eb6 00000092H .text$x                 CODE
 0002:00000000 00000318H .idata$5                DATA
 0002:00000318 00000038H .00cfg                  DATA
 0002:00000350 00000008H .CRT$XCA                DATA
 0002:00000358 00000008H .CRT$XCZ                DATA
 0002:00000360 00000008H .CRT$XIA                DATA
 0002:00000368 00000008H .CRT$XIZ                DATA
 0002:00000370 00000008H .CRT$XPA                DATA
 0002:00000378 00000008H .CRT$XPZ                DATA
 0002:00000380 00000008H .CRT$XTA                DATA
 0002:00000388 00000008H .CRT$XTZ                DATA
 0002:00000390 00000000H .gehcont$y              DATA
 0002:00000390 00000000H .gfids$y                DATA
 0002:00000390 000003f0H .rdata                  DATA
 0002:00000780 00000080H .rdata$CastGuardVftablesA DATA
 0002:00000800 00000080H .rdata$CastGuardVftablesC DATA
 0002:00000880 000001e4H .rdata$voltmd           DATA
 0002:00000a64 0000027cH .rdata$zzzdbg           DATA
 0002:00000ce0 00000008H .rtc$IAA                DATA
 0002:00000ce8 00000008H .rtc$IZZ                DATA
 0002:00000cf0 00000008H .rtc$TAA                DATA
 0002:00000cf8 00000008H .rtc$TZZ                DATA
 0002:00000d00 00000ca0H .xdata                  DATA
 0002:000019a0 0000007cH .edata                  DATA
 0002:00001a1c 000000c8H .idata$2                DATA
 0002:00001ae4 00000014H .idata$3                DATA
 0002:00001af8 00000318H .idata$4                DATA
 0002:00001e10 00000814H .idata$6                DATA
 0003:00000000 000041c0H .data                   DATA
 0003:000041c0 00000650H .bss                    DATA
 0004:00000000 00000f48H .pdata                  DATA

  Address         Publics by Value              Rva+Base               Lib:Object

 0000:00000000       __AbsoluteZero             0000000000000000     <absolute>
 0000:00000000       ___safe_se_handler_count   0000000000000000     <absolute>
 0000:00000000       ___safe_se_handler_table   0000000000000000     <absolute>
 0000:00000000       __arm64x_extra_rfe_table   0000000000000000     <absolute>
 0000:00000000       __arm64x_extra_rfe_table_size 0000000000000000     <absolute>
 0000:00000000       __arm64x_native_entrypoint 0000000000000000     <absolute>
 0000:00000000       __arm64x_redirection_metadata 0000000000000000     <absolute>
 0000:00000000       __arm64x_redirection_metadata_count 0000000000000000     <absolute>
 0000:00000000       __dynamic_value_reloc_table 0000000000000000     <absolute>
 0000:00000000       __enclave_config           0000000000000000     <absolute>
 0000:00000000       __guard_check_icall_a64n_fptr 0000000000000000     <absolute>
 0000:00000000       __guard_eh_cont_count      0000000000000000     <absolute>
 0000:00000000       __guard_eh_cont_table      0000000000000000     <absolute>
 0000:00000000       __guard_fids_count         0000000000000000     <absolute>
 0000:00000000       __guard_fids_table         0000000000000000     <absolute>
 0000:00000000       __guard_iat_count          0000000000000000     <absolute>
 0000:00000000       __guard_iat_table          0000000000000000     <absolute>
 0000:00000000       __guard_longjmp_count      0000000000000000     <absolute>
 0000:00000000       __guard_longjmp_table      0000000000000000     <absolute>
 0000:00000000       __hybrid_auxiliary_delayload_iat 0000000000000000     <absolute>
 0000:00000000       __hybrid_auxiliary_delayload_iat_copy 0000000000000000     <absolute>
 0000:00000000       __hybrid_auxiliary_iat     0000000000000000     <absolute>
 0000:00000000       __hybrid_auxiliary_iat_copy 0000000000000000     <absolute>
 0000:00000000       __hybrid_code_map          0000000000000000     <absolute>
 0000:00000000       __hybrid_code_map_count    0000000000000000     <absolute>
 0000:00000000       __hybrid_image_info_bitfield 0000000000000000     <absolute>
 0000:00000000       __x64_code_ranges_to_entry_points 0000000000000000     <absolute>
 0000:00000000       __x64_code_ranges_to_entry_points_count 0000000000000000     <absolute>
 0000:00000100       __guard_flags              0000000000000100     <absolute>
 0000:00000000       __ImageBase                0000000180000000     <linker-defined>
 0001:00000000       mexfilerequiredapiversion  0000000180001000 f   c_mexapi_version.obj
 0001:00000030       cgxe_MotorWorking_method_dispatcher 0000000180001030 f   MotorWorking_cgxe.obj
 0001:00000240       method_dispatcher_bg50hRmc6UAsemHLG3AoeE 0000000180001240 f   m_bg50hRmc6UAsemHLG3AoeE.obj
 0001:00002190       cgxe_bg50hRmc6UAsemHLG3AoeE_BuildInfoUpdate 0000000180003190 f   m_bg50hRmc6UAsemHLG3AoeE.obj
 0001:00002320       cgxe_bg50hRmc6UAsemHLG3AoeE_fallback_info 0000000180003320 f   m_bg50hRmc6UAsemHLG3AoeE.obj
 0001:000023c0       method_dispatcher_dYZZzNbePGHHoKucqxRynD 00000001800033c0 f   m_dYZZzNbePGHHoKucqxRynD.obj
 0001:00004310       cgxe_dYZZzNbePGHHoKucqxRynD_BuildInfoUpdate 0000000180005310 f   m_dYZZzNbePGHHoKucqxRynD.obj
 0001:000044a0       cgxe_dYZZzNbePGHHoKucqxRynD_fallback_info 00000001800054a0 f   m_dYZZzNbePGHHoKucqxRynD.obj
 0001:00004540       method_dispatcher_mGg5kldJFMUqqcMFYTCXk 0000000180005540 f   m_mGg5kldJFMUqqcMFYTCXk.obj
 0001:00006490       cgxe_mGg5kldJFMUqqcMFYTCXk_BuildInfoUpdate 0000000180007490 f   m_mGg5kldJFMUqqcMFYTCXk.obj
 0001:00006620       cgxe_mGg5kldJFMUqqcMFYTCXk_fallback_info 0000000180007620 f   m_mGg5kldJFMUqqcMFYTCXk.obj
 0001:000066c0       method_dispatcher_vhCIMhSDxW7vJ4zd5fVmYF 00000001800076c0 f   m_vhCIMhSDxW7vJ4zd5fVmYF.obj
 0001:00008610       cgxe_vhCIMhSDxW7vJ4zd5fVmYF_BuildInfoUpdate 0000000180009610 f   m_vhCIMhSDxW7vJ4zd5fVmYF.obj
 0001:000087a0       cgxe_vhCIMhSDxW7vJ4zd5fVmYF_fallback_info 00000001800097a0 f   m_vhCIMhSDxW7vJ4zd5fVmYF.obj
 0001:00008840       mexFunction                0000000180009840 f   MotorWorking_cgxe_registry.obj
 0001:0000a6b0       _ssSetInputPortDirectFeedThroughFcn 000000018000b6b0 f   MotorWorking_cgxe_registry.obj
 0001:0000a820       _ssSetRWorkValueFcn        000000018000b820 f   MotorWorking_cgxe_registry.obj
 0001:0000a8a0       _ssGetRWorkValueFcn        000000018000b8a0 f   MotorWorking_cgxe_registry.obj
 0001:0000a910       _ssSetIWorkValueFcn        000000018000b910 f   MotorWorking_cgxe_registry.obj
 0001:0000a990       _ssGetIWorkValueFcn        000000018000b990 f   MotorWorking_cgxe_registry.obj
 0001:0000aa00       _ssSetPWorkValueFcn        000000018000ba00 f   MotorWorking_cgxe_registry.obj
 0001:0000aa80       _ssGetPWorkValueFcn        000000018000ba80 f   MotorWorking_cgxe_registry.obj
 0001:0000aaf0       _ssGetInputPortSignalFcn   000000018000baf0 f   MotorWorking_cgxe_registry.obj
 0001:0000ae80       _ssGetInputPortBufferDstPortFcn 000000018000be80 f   MotorWorking_cgxe_registry.obj
 0001:0000af00       _ssGetInputPortSignalPtrsFcn 000000018000bf00 f   MotorWorking_cgxe_registry.obj
 0001:0000b290       ssGetParameterTuningCompliance 000000018000c290 f   MotorWorking_cgxe_registry.obj
 0001:0000b300       _ssReadInputStringFcn      000000018000c300 f   MotorWorking_cgxe_registry.obj
 0001:0000b370       ssGetDTypeIdFromMxArray    000000018000c370 f   MotorWorking_cgxe_registry.obj
 0001:0000b490       ssWriteRTWMx2dMatParam     000000018000c490 f   MotorWorking_cgxe_registry.obj
 0001:0000b520       ssWriteRTWMxVectParam      000000018000c520 f   MotorWorking_cgxe_registry.obj
 0001:0000b5a0       ssWriteRTWParameters       000000018000c5a0 f   MotorWorking_cgxe_registry.obj
 0001:0000bb60       ssWriteRTWParamSettings    000000018000cb60 f   MotorWorking_cgxe_registry.obj
 0001:0000c250       ssWriteRTWStr              000000018000d250 f   MotorWorking_cgxe_registry.obj
 0001:0000c2b0       ssWriteRTWWorkVect         000000018000d2b0 f   MotorWorking_cgxe_registry.obj
 0001:0000c810       ssWarning                  000000018000d810 f   MotorWorking_cgxe_registry.obj
 0001:0000c900       ssGetRootSS                000000018000d900 f   MotorWorking_cgxe_registry.obj
 0001:0000c9c0       ssGetParentSS              000000018000d9c0 f   MotorWorking_cgxe_registry.obj
 0001:0000ca80       ssWriteRTWNameValuePair    000000018000da80 f   MotorWorking_cgxe_registry.obj
 0001:0000cf80       _ssSetInputPortMatrixDimensions 000000018000df80 f   MotorWorking_cgxe_registry.obj
 0001:0000d0d0       _ssSetOutputPortMatrixDimensions 000000018000e0d0 f   MotorWorking_cgxe_registry.obj
 0001:0000d220       _ssSetInputPortVectorDimension 000000018000e220 f   MotorWorking_cgxe_registry.obj
 0001:0000d2d0       _ssSetOutputPortVectorDimension 000000018000e2d0 f   MotorWorking_cgxe_registry.obj
 0001:0000d380       ssIsRunTimeParamTunable    000000018000e380 f   MotorWorking_cgxe_registry.obj
 0001:0000d3f0       ssGetSFuncBlockHandle      000000018000e3f0 f   MotorWorking_cgxe_registry.obj
 0001:0000d460       _ssGetCallSystemNumFcnCallDestinations 000000018000e460 f   MotorWorking_cgxe_registry.obj
 0001:0000d4d0       _ssGetCurrentInputPortWidth 000000018000e4d0 f   MotorWorking_cgxe_registry.obj
 0001:0000d610       _ssGetCurrentOutputPortWidth 000000018000e610 f   MotorWorking_cgxe_registry.obj
 0001:0000d750       ssGetIsZeroCrossControlDisabled 000000018000e750 f   MotorWorking_cgxe_registry.obj
 0001:0000d7c0       ssSetIsInputPortUsedForContZcSignal 000000018000e7c0 f   MotorWorking_cgxe_registry.obj
 0001:0000d830       ssSetZcSignalIsZcElementDisc 000000018000e830 f   MotorWorking_cgxe_registry.obj
 0001:0000d8e0       ssSetZcSignalName          000000018000e8e0 f   MotorWorking_cgxe_registry.obj
 0001:0000d950       ssSetZcSignalWidth         000000018000e950 f   MotorWorking_cgxe_registry.obj
 0001:0000d9c0       ssSetZcSignalZcEventType   000000018000e9c0 f   MotorWorking_cgxe_registry.obj
 0001:0000da30       ssSetZcSignalType          000000018000ea30 f   MotorWorking_cgxe_registry.obj
 0001:0000daa0       ssSetZcSignalZcTol         000000018000eaa0 f   MotorWorking_cgxe_registry.obj
 0001:0000db10       ssSetZcSignalNeedsEventNotification 000000018000eb10 f   MotorWorking_cgxe_registry.obj
 0001:0000db80       ssCreateAndAddZcSignalInfo 000000018000eb80 f   MotorWorking_cgxe_registry.obj
 0001:0000dbf0       ssCloneAndAddZcSignalInfo  000000018000ebf0 f   MotorWorking_cgxe_registry.obj
 0001:0000dc60       ssGetNumZcSignals          000000018000ec60 f   MotorWorking_cgxe_registry.obj
 0001:0000dcd0       ssGetZcSignalVector        000000018000ecd0 f   MotorWorking_cgxe_registry.obj
 0001:0000dd40       ssGetZcSignalName          000000018000ed40 f   MotorWorking_cgxe_registry.obj
 0001:0000ddb0       ssGetZcSignalWidth         000000018000edb0 f   MotorWorking_cgxe_registry.obj
 0001:0000de20       ssGetZcSignalZcEventType   000000018000ee20 f   MotorWorking_cgxe_registry.obj
 0001:0000de90       ssGetZcSignalZcEvents      000000018000ee90 f   MotorWorking_cgxe_registry.obj
 0001:0000df00       ssGetZcSignalType          000000018000ef00 f   MotorWorking_cgxe_registry.obj
 0001:0000df70       ssGetZcSignalZcTol         000000018000ef70 f   MotorWorking_cgxe_registry.obj
 0001:0000dff0       ssGetZcSignalNeedsEventNotification 000000018000eff0 f   MotorWorking_cgxe_registry.obj
 0001:0000e060       ssGetZcSignalIsZcElementDisc 000000018000f060 f   MotorWorking_cgxe_registry.obj
 0001:0000e100       ssGetIsInputPortElementContinuous 000000018000f100 f   MotorWorking_cgxe_registry.obj
 0001:0000e1a0       _ssGetAbsTol               000000018000f1a0 f   MotorWorking_cgxe_registry.obj
 0001:0000e210       _ssSetStateAbsTol          000000018000f210 f   MotorWorking_cgxe_registry.obj
 0001:0000e2f0       _ssSetInputPortReusableFcn 000000018000f2f0 f   MotorWorking_cgxe_registry.obj
 0001:0000e3f0       _ssSetOutputPortReusableFcn 000000018000f3f0 f   MotorWorking_cgxe_registry.obj
 0001:0000e4f0       _ssSetSymbolicDimsSupport  000000018000f4f0 f   MotorWorking_cgxe_registry.obj
 0001:0000e560       _ssRegisterSymbolicDimsExpr 000000018000f560 f   MotorWorking_cgxe_registry.obj
 0001:0000e5e0       _ssRegisterSymbolicDimsMATLABExpr 000000018000f5e0 f   MotorWorking_cgxe_registry.obj
 0001:0000e670       _ssRegisterSymbolicDims    000000018000f670 f   MotorWorking_cgxe_registry.obj
 0001:0000e710       _ssRegisterSymbolicDimsString 000000018000f710 f   MotorWorking_cgxe_registry.obj
 0001:0000e790       _ssRegisterSymbolicDimsIntValue 000000018000f790 f   MotorWorking_cgxe_registry.obj
 0001:0000e800       _ssRegisterSymbolicEqualRelation 000000018000f800 f   MotorWorking_cgxe_registry.obj
 0001:0000e870       _ssRegisterSymbolicEqualValue 000000018000f870 f   MotorWorking_cgxe_registry.obj
 0001:0000e8e0       _ssAmendLeadingSymbolicDims 000000018000f8e0 f   MotorWorking_cgxe_registry.obj
 0001:0000e960       _ssAmendTrailingSymbolicDims 000000018000f960 f   MotorWorking_cgxe_registry.obj
 0001:0000e9e0       _ssRegisterSymbolicDimsPlus 000000018000f9e0 f   MotorWorking_cgxe_registry.obj
 0001:0000ea60       _ssRegisterSymbolicDimsMinus 000000018000fa60 f   MotorWorking_cgxe_registry.obj
 0001:0000eae0       _ssRegisterSymbolicDimsMultiply 000000018000fae0 f   MotorWorking_cgxe_registry.obj
 0001:0000eb60       _ssRegisterSymbolicDimsDivide 000000018000fb60 f   MotorWorking_cgxe_registry.obj
 0001:0000ebe0       _ssGetNumSymbolicDims      000000018000fbe0 f   MotorWorking_cgxe_registry.obj
 0001:0000ec50       _ssGetSymbolicDim          000000018000fc50 f   MotorWorking_cgxe_registry.obj
 0001:0000ecd0       _ssSetInputPortSymbolicDimsId 000000018000fcd0 f   MotorWorking_cgxe_registry.obj
 0001:0000ed40       _ssGetCompInputPortSymbolicDimsId 000000018000fd40 f   MotorWorking_cgxe_registry.obj
 0001:0000edb0       _ssSetCompInputPortSymbolicDimsId 000000018000fdb0 f   MotorWorking_cgxe_registry.obj
 0001:0000ee20       _ssSetOutputPortSymbolicDimsId 000000018000fe20 f   MotorWorking_cgxe_registry.obj
 0001:0000ee90       _ssGetCompOutputPortSymbolicDimsId 000000018000fe90 f   MotorWorking_cgxe_registry.obj
 0001:0000ef00       _ssSetCompOutputPortSymbolicDimsId 000000018000ff00 f   MotorWorking_cgxe_registry.obj
 0001:0000ef70       _ssGetDWorkSymbolicDimsId  000000018000ff70 f   MotorWorking_cgxe_registry.obj
 0001:0000efe0       _ssSetDWorkSymbolicDimsId  000000018000ffe0 f   MotorWorking_cgxe_registry.obj
 0001:0000f050       _ssGetCompDWorkSymbolicDimsId 0000000180010050 f   MotorWorking_cgxe_registry.obj
 0001:0000f0c0       _ssSetCompDWorkSymbolicDimsId 00000001800100c0 f   MotorWorking_cgxe_registry.obj
 0001:0000f130       _ssCreateSLCGStringBuffer  0000000180010130 f   MotorWorking_cgxe_registry.obj
 0001:0000f1a0       _ssAddToSLCGStringBuffer   00000001800101a0 f   MotorWorking_cgxe_registry.obj
 0001:0000f210       _ssGetPointerContainedData 0000000180010210 f   MotorWorking_cgxe_registry.obj
 0001:0000f2a0       _ssGetPointerContainedDataWidth 00000001800102a0 f   MotorWorking_cgxe_registry.obj
 0001:0000f330       _ssRegisterDynamicArrayDataTypeFcn 0000000180010330 f   MotorWorking_cgxe_registry.obj
 0001:0000f3d0       _ssGetDynamicArrayContainedDataCurrentWidthFcn 00000001800103d0 f   MotorWorking_cgxe_registry.obj
 0001:0000f4a0       _ssGetDynamicArrayContainedDataFcn 00000001800104a0 f   MotorWorking_cgxe_registry.obj
 0001:0000f570       _ssGetInputPortDynamicArrayDataFcn 0000000180010570 f   MotorWorking_cgxe_registry.obj
 0001:0000f630       _ssGetOutputPortDynamicArrayDataFcn 0000000180010630 f   MotorWorking_cgxe_registry.obj
 0001:0000f6f0       _ssGetInputPortDynamicArrayContainedDataFcn 00000001800106f0 f   MotorWorking_cgxe_registry.obj
 0001:0000f7b0       _ssGetOutputPortDynamicArrayContainedDataFcn 00000001800107b0 f   MotorWorking_cgxe_registry.obj
 0001:0000f870       _ssGetDynamicArrayDWorkContainedDataFcn 0000000180010870 f   MotorWorking_cgxe_registry.obj
 0001:00011660       __local_stdio_printf_options 0000000180012660 f i MotorWorking_cgxe_registry.obj
 0001:00011670       _vsnprintf_l               0000000180012670 f i MotorWorking_cgxe_registry.obj
 0001:000116f0       _vsprintf_l                00000001800126f0 f i MotorWorking_cgxe_registry.obj
 0001:00011740       sprintf                    0000000180012740 f i MotorWorking_cgxe_registry.obj
 0001:0001178f       mxSetCell_800              000000018001278f f   libmx:libmx.dll
 0001:00011795       mxSetFieldByNumber_800     0000000180012795 f   libmx:libmx.dll
 0001:0001179b       mxCreateString_800         000000018001279b f   libmx:libmx.dll
 0001:000117a1       mxCreateCellMatrix_800     00000001800127a1 f   libmx:libmx.dll
 0001:000117a7       mxCreateStructMatrix_800   00000001800127a7 f   libmx:libmx.dll
 0001:000117ad       mxCalloc_800               00000001800127ad f   libmx:libmx.dll
 0001:000117b3       mxGetM_800                 00000001800127b3 f   libmx:libmx.dll
 0001:000117b9       mxGetClassID_800           00000001800127b9 f   libmx:libmx.dll
 0001:000117bf       mxGetData_800              00000001800127bf f   libmx:libmx.dll
 0001:000117c5       mxIsNumeric_800            00000001800127c5 f   libmx:libmx.dll
 0001:000117cb       mxIsChar_800               00000001800127cb f   libmx:libmx.dll
 0001:000117d1       mxIsComplex_800            00000001800127d1 f   libmx:libmx.dll
 0001:000117d7       mxGetN_800                 00000001800127d7 f   libmx:libmx.dll
 0001:000117dd       mxGetPr_800                00000001800127dd f   libmx:libmx.dll
 0001:000117e3       mxSetField_800             00000001800127e3 f   libmx:libmx.dll
 0001:000117e9       mxCreateNumericMatrix_800  00000001800127e9 f   libmx:libmx.dll
 0001:000117ef       mxCreateDoubleMatrix_800   00000001800127ef f   libmx:libmx.dll
 0001:000117f5       mxCreateDoubleScalar_800   00000001800127f5 f   libmx:libmx.dll
 0001:000117fb       mxGetString_800            00000001800127fb f   libmx:libmx.dll
 0001:00011801       mexWarnMsgTxt_800          0000000180012801 f   libmex:libmex.dll
 0001:00011807       mexPrintf_800              0000000180012807 f   libmex:libmex.dll
 0001:0001180d       mexCallMATLAB_800          000000018001280d f   libmex:libmex.dll
 0001:00011813       mexUnlock_800              0000000180012813 f   libmex:libmex.dll
 0001:00011819       mexIsLocked_800            0000000180012819 f   libmex:libmex.dll
 0001:0001181f       emlrtAlias                 000000018001281f f   libemlrt:libemlrt.dll
 0001:00011825       emlrtAssign                0000000180012825 f   libemlrt:libemlrt.dll
 0001:0001182b       emlrtCreateStructMatrix    000000018001282b f   libemlrt:libemlrt.dll
 0001:00011831       emlrtGetFieldR2017b        0000000180012831 f   libemlrt:libemlrt.dll
 0001:00011837       emlrtSetFieldR2017b        0000000180012837 f   libemlrt:libemlrt.dll
 0001:0001183d       emlrtCreateCellMatrix      000000018001283d f   libemlrt:libemlrt.dll
 0001:00011843       emlrtSetCell               0000000180012843 f   libemlrt:libemlrt.dll
 0001:00011849       emlrtGetCell               0000000180012849 f   libemlrt:libemlrt.dll
 0001:0001184f       emlrtCreateNumericMatrix   000000018001284f f   libemlrt:libemlrt.dll
 0001:00011855       emlrtCreateLogicalScalar   0000000180012855 f   libemlrt:libemlrt.dll
 0001:0001185b       emlrtCreateCharArray       000000018001285b f   libemlrt:libemlrt.dll
 0001:00011861       emlrtDestroyArray          0000000180012861 f   libemlrt:libemlrt.dll
 0001:00011867       emlrtCallMATLABR2012b      0000000180012867 f   libemlrt:libemlrt.dll
 0001:0001186d       emlrtInitCharArrayR2013a   000000018001286d f   libemlrt:libemlrt.dll
 0001:00011873       emlrtCheckBuiltInR2012b    0000000180012873 f   libemlrt:libemlrt.dll
 0001:00011879       emlrtCheckStructR2012b     0000000180012879 f   libemlrt:libemlrt.dll
 0001:0001187f       emlrtMxGetData             000000018001287f f   libemlrt:libemlrt.dll
 0001:00011885       emlrtMxGetLogicals         0000000180012885 f   libemlrt:libemlrt.dll
 0001:0001188b       cgxertGetInputPortSignal   000000018001288b f   libmwcgxert:libmwcgxert.dll
 0001:00011891       cgxertGetRuntimeInstance   0000000180012891 f   libmwcgxert:libmwcgxert.dll
 0001:00011897       cgxertSetRuntimeInstance   0000000180012897 f   libmwcgxert:libmwcgxert.dll
 0001:0001189d       cgxertGetEMLRTCtx          000000018001289d f   libmwcgxert:libmwcgxert.dll
 0001:000118a3       cgxertSetGcb               00000001800128a3 f   libmwcgxert:libmwcgxert.dll
 0001:000118a9       cgxertRestoreGcb           00000001800128a9 f   libmwcgxert:libmwcgxert.dll
 0001:000118b0       __GSHandlerCheck           00000001800128b0 f   MSVCRT:gshandler.obj
 0001:000118d0       __GSHandlerCheckCommon     00000001800128d0 f   MSVCRT:gshandler.obj
 0001:00011940       __security_check_cookie    0000000180012940 f   MSVCRT:amdsecgs.obj
 0001:00011960       __raise_securityfailure    0000000180012960 f   MSVCRT:gs_report.obj
 0001:00011994       __report_gsfailure         0000000180012994 f   MSVCRT:gs_report.obj
 0001:00011a68       __report_rangecheckfailure 0000000180012a68 f   MSVCRT:gs_report.obj
 0001:00011a7c       __report_securityfailure   0000000180012a7c f   MSVCRT:gs_report.obj
 0001:00011b18       __report_securityfailureEx 0000000180012b18 f   MSVCRT:gs_report.obj
 0001:00012048       _CRT_INIT                  0000000180013048 f   MSVCRT:dll_dllmain.obj
 0001:00012050       _DllMainCRTStartup         0000000180013050 f   MSVCRT:dll_dllmain.obj
 0001:000120fc       __security_init_cookie     00000001800130fc f   MSVCRT:gs_support.obj
 0001:000121a8       DllMain                    00000001800131a8 f   MSVCRT:dll_dllmain_stub.obj
 0001:000121cc       ?__scrt_initialize_type_info@@YAXXZ 00000001800131cc f   MSVCRT:tncleanup.obj
 0001:000121dc       ?__scrt_uninitialize_type_info@@YAXXZ 00000001800131dc f   MSVCRT:tncleanup.obj
 0001:000121e8       __local_stdio_scanf_options 00000001800131e8 f i MSVCRT:default_local_stdio_options.obj
 0001:000121f0       __scrt_initialize_default_local_stdio_options 00000001800131f0 f   MSVCRT:default_local_stdio_options.obj
 0001:0001220c       ?configure_argv@__scrt_narrow_argv_policy@@SAHXZ 000000018001320c f i MSVCRT:utility.obj
 0001:0001226c       ?initialize_environment@__scrt_narrow_environment_policy@@SAHXZ 000000018001326c f i MSVCRT:utility.obj
 0001:000122a4       NtCurrentTeb               00000001800132a4 f i MSVCRT:utility.obj
 0001:000122b0       __scrt_acquire_startup_lock 00000001800132b0 f   MSVCRT:utility.obj
 0001:000122ec       __scrt_dllmain_after_initialize_c 00000001800132ec f   MSVCRT:utility.obj
 0001:00012320       __scrt_dllmain_before_initialize_c 0000000180013320 f   MSVCRT:utility.obj
 0001:00012338       __scrt_dllmain_crt_thread_attach 0000000180013338 f   MSVCRT:utility.obj
 0001:00012360       __scrt_dllmain_crt_thread_detach 0000000180013360 f   MSVCRT:utility.obj
 0001:00012378       __scrt_dllmain_exception_filter 0000000180013378 f   MSVCRT:utility.obj
 0001:000123d8       __scrt_dllmain_uninitialize_c 00000001800133d8 f   MSVCRT:utility.obj
 0001:00012408       __scrt_dllmain_uninitialize_critical 0000000180013408 f   MSVCRT:utility.obj
 0001:0001241c       __scrt_initialize_crt      000000018001341c f   MSVCRT:utility.obj
 0001:00012468       __scrt_initialize_onexit_tables 0000000180013468 f   MSVCRT:utility.obj
 0001:000124f4       __scrt_is_nonwritable_in_current_image 00000001800134f4 f   MSVCRT:utility.obj
 0001:0001258c       __scrt_release_startup_lock 000000018001358c f   MSVCRT:utility.obj
 0001:000125b0       __scrt_uninitialize_crt    00000001800135b0 f   MSVCRT:utility.obj
 0001:000125dc       _onexit                    00000001800135dc f   MSVCRT:utility.obj
 0001:00012618       at_quick_exit              0000000180013618 f   MSVCRT:utility.obj
 0001:00012638       atexit                     0000000180013638 f   MSVCRT:utility.obj
 0001:00012650       __scrt_get_dyn_tls_init_callback 0000000180013650 f   MSVCRT:dyn_tls_init.obj
 0001:00012658       __crt_debugger_hook        0000000180013658 f   MSVCRT:utility_desktop.obj
 0001:00012660       __scrt_fastfail            0000000180013660 f   MSVCRT:utility_desktop.obj
 0001:000127ac       __scrt_get_show_window_mode 00000001800137ac f   MSVCRT:utility_desktop.obj
 0001:000127e8       __scrt_initialize_mta      00000001800137e8 f   MSVCRT:utility_desktop.obj
 0001:000127f0       __scrt_initialize_winrt    00000001800137f0 f   MSVCRT:utility_desktop.obj
 0001:000127f4       __scrt_is_managed_app      00000001800137f4 f   MSVCRT:utility_desktop.obj
 0001:00012848       __scrt_set_unhandled_exception_filter 0000000180013848 f   MSVCRT:utility_desktop.obj
 0001:00012858       __scrt_exe_initialize_mta  0000000180013858 f   MSVCRT:utility_desktop.obj
 0001:00012858       __scrt_stub_for_initialize_mta 0000000180013858 f   MSVCRT:utility_desktop.obj
 0001:0001285c       __scrt_unhandled_exception_filter 000000018001385c f   MSVCRT:utility_desktop.obj
 0001:000128b8       _RTC_Initialize            00000001800138b8 f   MSVCRT:initsect.obj
 0001:000128f4       _RTC_Terminate             00000001800138f4 f   MSVCRT:initsect.obj
 0001:00012930       _guard_check_icall_nop     0000000180013930 f i MSVCRT:guard_support.obj
 0001:00012934       ReadNoFence64              0000000180013934 f i MSVCRT:guard_support.obj
 0001:00012938       ReadPointerNoFence         0000000180013938 f i MSVCRT:guard_support.obj
 0001:0001293c       __castguard_check_failure_debugbreak 000000018001393c f i MSVCRT:guard_support.obj
 0001:00012958       __castguard_check_failure_fastfail 0000000180013958 f i MSVCRT:guard_support.obj
 0001:0001297c       __castguard_check_failure_nop 000000018001397c f i MSVCRT:guard_support.obj
 0001:00012980       __castguard_check_failure_os_handled 0000000180013980 f i MSVCRT:guard_support.obj
 0001:000129dc       __castguard_check_failure_user_handled 00000001800139dc f i MSVCRT:guard_support.obj
 0001:00012a50       __castguard_set_user_handler 0000000180013a50 f i MSVCRT:guard_support.obj
 0001:00012a5c       __castguard_slow_path_check_debugbreak 0000000180013a5c f i MSVCRT:guard_support.obj
 0001:00012a90       __castguard_slow_path_check_fastfail 0000000180013a90 f i MSVCRT:guard_support.obj
 0001:00012acc       __castguard_slow_path_check_nop 0000000180013acc f i MSVCRT:guard_support.obj
 0001:00012ad0       __castguard_slow_path_check_os_handled 0000000180013ad0 f i MSVCRT:guard_support.obj
 0001:00012b24       __castguard_slow_path_check_user_handled 0000000180013b24 f i MSVCRT:guard_support.obj
 0001:00012b90       _guard_icall_checks_enforced 0000000180013b90 f i MSVCRT:guard_support.obj
 0001:00012ba8       _guard_rf_checks_enforced  0000000180013ba8 f i MSVCRT:guard_support.obj
 0001:00012bac       __isa_available_init       0000000180013bac f   MSVCRT:cpu_disp.obj
 0001:00012d58       _get_startup_argv_mode     0000000180013d58 f   MSVCRT:argv_mode.obj
 0001:00012d60       __scrt_is_ucrt_dll_in_use  0000000180013d60 f   MSVCRT:ucrt_detection.obj
 0001:00012d70       RtlCaptureContext          0000000180013d70 f   kernel32:KERNEL32.dll
 0001:00012d76       RtlLookupFunctionEntry     0000000180013d76 f   kernel32:KERNEL32.dll
 0001:00012d7c       RtlVirtualUnwind           0000000180013d7c f   kernel32:KERNEL32.dll
 0001:00012d82       UnhandledExceptionFilter   0000000180013d82 f   kernel32:KERNEL32.dll
 0001:00012d88       SetUnhandledExceptionFilter 0000000180013d88 f   kernel32:KERNEL32.dll
 0001:00012d8e       GetCurrentProcess          0000000180013d8e f   kernel32:KERNEL32.dll
 0001:00012d94       TerminateProcess           0000000180013d94 f   kernel32:KERNEL32.dll
 0001:00012d9a       IsProcessorFeaturePresent  0000000180013d9a f   kernel32:KERNEL32.dll
 0001:00012da0       QueryPerformanceCounter    0000000180013da0 f   kernel32:KERNEL32.dll
 0001:00012da6       GetCurrentProcessId        0000000180013da6 f   kernel32:KERNEL32.dll
 0001:00012dac       GetCurrentThreadId         0000000180013dac f   kernel32:KERNEL32.dll
 0001:00012db2       GetSystemTimeAsFileTime    0000000180013db2 f   kernel32:KERNEL32.dll
 0001:00012db8       DisableThreadLibraryCalls  0000000180013db8 f   kernel32:KERNEL32.dll
 0001:00012dbe       InitializeSListHead        0000000180013dbe f   kernel32:KERNEL32.dll
 0001:00012dc4       IsDebuggerPresent          0000000180013dc4 f   kernel32:KERNEL32.dll
 0001:00012dca       GetStartupInfoW            0000000180013dca f   kernel32:KERNEL32.dll
 0001:00012dd0       GetModuleHandleW           0000000180013dd0 f   kernel32:KERNEL32.dll
 0001:00012dd6       memcpy                     0000000180013dd6 f   vcruntime:VCRUNTIME140.dll
 0001:00012ddc       __C_specific_handler       0000000180013ddc f   vcruntime:VCRUNTIME140.dll
 0001:00012de2       __std_type_info_destroy_list 0000000180013de2 f   vcruntime:VCRUNTIME140.dll
 0001:00012de8       __current_exception        0000000180013de8 f   vcruntime:VCRUNTIME140.dll
 0001:00012dee       __current_exception_context 0000000180013dee f   vcruntime:VCRUNTIME140.dll
 0001:00012df4       memset                     0000000180013df4 f   vcruntime:VCRUNTIME140.dll
 0001:00012dfa       calloc                     0000000180013dfa f   ucrt:api-ms-win-crt-heap-l1-1-0.dll
 0001:00012e00       free                       0000000180013e00 f   ucrt:api-ms-win-crt-heap-l1-1-0.dll
 0001:00012e06       strcmp                     0000000180013e06 f   ucrt:api-ms-win-crt-string-l1-1-0.dll
 0001:00012e0c       strlen                     0000000180013e0c f   ucrt:api-ms-win-crt-string-l1-1-0.dll
 0001:00012e12       __stdio_common_vsprintf    0000000180013e12 f   ucrt:api-ms-win-crt-stdio-l1-1-0.dll
 0001:00012e18       malloc                     0000000180013e18 f   ucrt:api-ms-win-crt-heap-l1-1-0.dll
 0001:00012e1e       _initterm                  0000000180013e1e f   ucrt:api-ms-win-crt-runtime-l1-1-0.dll
 0001:00012e24       _initterm_e                0000000180013e24 f   ucrt:api-ms-win-crt-runtime-l1-1-0.dll
 0001:00012e2a       _seh_filter_dll            0000000180013e2a f   ucrt:api-ms-win-crt-runtime-l1-1-0.dll
 0001:00012e30       _configure_narrow_argv     0000000180013e30 f   ucrt:api-ms-win-crt-runtime-l1-1-0.dll
 0001:00012e36       _initialize_narrow_environment 0000000180013e36 f   ucrt:api-ms-win-crt-runtime-l1-1-0.dll
 0001:00012e3c       _initialize_onexit_table   0000000180013e3c f   ucrt:api-ms-win-crt-runtime-l1-1-0.dll
 0001:00012e42       _register_onexit_function  0000000180013e42 f   ucrt:api-ms-win-crt-runtime-l1-1-0.dll
 0001:00012e48       _execute_onexit_table      0000000180013e48 f   ucrt:api-ms-win-crt-runtime-l1-1-0.dll
 0001:00012e4e       _crt_atexit                0000000180013e4e f   ucrt:api-ms-win-crt-runtime-l1-1-0.dll
 0001:00012e54       _crt_at_quick_exit         0000000180013e54 f   ucrt:api-ms-win-crt-runtime-l1-1-0.dll
 0001:00012e5a       _cexit                     0000000180013e5a f   ucrt:api-ms-win-crt-runtime-l1-1-0.dll
 0001:00012e60       terminate                  0000000180013e60 f   ucrt:api-ms-win-crt-runtime-l1-1-0.dll
 0001:00012e68       __acrt_initialize          0000000180013e68 f   MSVCRT:ucrt_stubs.obj
 0001:00012e68       __scrt_stub_for_acrt_initialize 0000000180013e68 f   MSVCRT:ucrt_stubs.obj
 0001:00012e68       __vcrt_initialize          0000000180013e68 f   MSVCRT:ucrt_stubs.obj
 0001:00012e6c       __acrt_thread_attach       0000000180013e6c f   MSVCRT:ucrt_stubs.obj
 0001:00012e6c       __scrt_stub_for_acrt_thread_attach 0000000180013e6c f   MSVCRT:ucrt_stubs.obj
 0001:00012e6c       __vcrt_thread_attach       0000000180013e6c f   MSVCRT:ucrt_stubs.obj
 0001:00012e70       __acrt_thread_detach       0000000180013e70 f   MSVCRT:ucrt_stubs.obj
 0001:00012e70       __scrt_stub_for_acrt_thread_detach 0000000180013e70 f   MSVCRT:ucrt_stubs.obj
 0001:00012e70       __vcrt_thread_detach       0000000180013e70 f   MSVCRT:ucrt_stubs.obj
 0001:00012e74       __acrt_uninitialize        0000000180013e74 f   MSVCRT:ucrt_stubs.obj
 0001:00012e74       __scrt_stub_for_acrt_uninitialize 0000000180013e74 f   MSVCRT:ucrt_stubs.obj
 0001:00012e74       __vcrt_uninitialize        0000000180013e74 f   MSVCRT:ucrt_stubs.obj
 0001:00012e78       __acrt_uninitialize_critical 0000000180013e78 f   MSVCRT:ucrt_stubs.obj
 0001:00012e78       __scrt_stub_for_acrt_uninitialize_critical 0000000180013e78 f   MSVCRT:ucrt_stubs.obj
 0001:00012e78       __vcrt_uninitialize_critical 0000000180013e78 f   MSVCRT:ucrt_stubs.obj
 0001:00012e7c       __scrt_stub_for_is_c_termination_complete 0000000180013e7c f   MSVCRT:ucrt_stubs.obj
 0001:00012e7c       _is_c_termination_complete 0000000180013e7c f   MSVCRT:ucrt_stubs.obj
 0001:00012e90       _guard_dispatch_icall_nop  0000000180013e90 f   MSVCRT:guard_dispatch.obj
 0001:00012eb0       _guard_xfg_dispatch_icall_nop 0000000180013eb0 f   MSVCRT:guard_xfg_dispatch.obj
 0002:00000000       __imp_GetCurrentThreadId   0000000180014000     kernel32:KERNEL32.dll
 0002:00000008       __imp_IsDebuggerPresent    0000000180014008     kernel32:KERNEL32.dll
 0002:00000010       __imp_GetStartupInfoW      0000000180014010     kernel32:KERNEL32.dll
 0002:00000018       __imp_RtlCaptureContext    0000000180014018     kernel32:KERNEL32.dll
 0002:00000020       __imp_RtlLookupFunctionEntry 0000000180014020     kernel32:KERNEL32.dll
 0002:00000028       __imp_RtlVirtualUnwind     0000000180014028     kernel32:KERNEL32.dll
 0002:00000030       __imp_UnhandledExceptionFilter 0000000180014030     kernel32:KERNEL32.dll
 0002:00000038       __imp_SetUnhandledExceptionFilter 0000000180014038     kernel32:KERNEL32.dll
 0002:00000040       __imp_GetCurrentProcess    0000000180014040     kernel32:KERNEL32.dll
 0002:00000048       __imp_TerminateProcess     0000000180014048     kernel32:KERNEL32.dll
 0002:00000050       __imp_IsProcessorFeaturePresent 0000000180014050     kernel32:KERNEL32.dll
 0002:00000058       __imp_QueryPerformanceCounter 0000000180014058     kernel32:KERNEL32.dll
 0002:00000060       __imp_GetCurrentProcessId  0000000180014060     kernel32:KERNEL32.dll
 0002:00000068       __imp_InitializeSListHead  0000000180014068     kernel32:KERNEL32.dll
 0002:00000070       __imp_GetSystemTimeAsFileTime 0000000180014070     kernel32:KERNEL32.dll
 0002:00000078       __imp_DisableThreadLibraryCalls 0000000180014078     kernel32:KERNEL32.dll
 0002:00000080       __imp_GetModuleHandleW     0000000180014080     kernel32:KERNEL32.dll
 0002:00000088       \177KERNEL32_NULL_THUNK_DATA 0000000180014088     kernel32:KERNEL32.dll
 0002:00000090       __imp___current_exception  0000000180014090     vcruntime:VCRUNTIME140.dll
 0002:00000098       __imp___std_type_info_destroy_list 0000000180014098     vcruntime:VCRUNTIME140.dll
 0002:000000a0       __imp___C_specific_handler 00000001800140a0     vcruntime:VCRUNTIME140.dll
 0002:000000a8       __imp_memset               00000001800140a8     vcruntime:VCRUNTIME140.dll
 0002:000000b0       __imp___current_exception_context 00000001800140b0     vcruntime:VCRUNTIME140.dll
 0002:000000b8       __imp_memcpy               00000001800140b8     vcruntime:VCRUNTIME140.dll
 0002:000000c0       \177VCRUNTIME140_NULL_THUNK_DATA 00000001800140c0     vcruntime:VCRUNTIME140.dll
 0002:000000c8       __imp_calloc               00000001800140c8     ucrt:api-ms-win-crt-heap-l1-1-0.dll
 0002:000000d0       __imp_malloc               00000001800140d0     ucrt:api-ms-win-crt-heap-l1-1-0.dll
 0002:000000d8       __imp_free                 00000001800140d8     ucrt:api-ms-win-crt-heap-l1-1-0.dll
 0002:000000e0       \177api-ms-win-crt-heap-l1-1-0_NULL_THUNK_DATA 00000001800140e0     ucrt:api-ms-win-crt-heap-l1-1-0.dll
 0002:000000e8       __imp__seh_filter_dll      00000001800140e8     ucrt:api-ms-win-crt-runtime-l1-1-0.dll
 0002:000000f0       __imp__configure_narrow_argv 00000001800140f0     ucrt:api-ms-win-crt-runtime-l1-1-0.dll
 0002:000000f8       __imp__initialize_narrow_environment 00000001800140f8     ucrt:api-ms-win-crt-runtime-l1-1-0.dll
 0002:00000100       __imp__initialize_onexit_table 0000000180014100     ucrt:api-ms-win-crt-runtime-l1-1-0.dll
 0002:00000108       __imp__initterm_e          0000000180014108     ucrt:api-ms-win-crt-runtime-l1-1-0.dll
 0002:00000110       __imp__execute_onexit_table 0000000180014110     ucrt:api-ms-win-crt-runtime-l1-1-0.dll
 0002:00000118       __imp__crt_atexit          0000000180014118     ucrt:api-ms-win-crt-runtime-l1-1-0.dll
 0002:00000120       __imp__crt_at_quick_exit   0000000180014120     ucrt:api-ms-win-crt-runtime-l1-1-0.dll
 0002:00000128       __imp__cexit               0000000180014128     ucrt:api-ms-win-crt-runtime-l1-1-0.dll
 0002:00000130       __imp_terminate            0000000180014130     ucrt:api-ms-win-crt-runtime-l1-1-0.dll
 0002:00000138       __imp__register_onexit_function 0000000180014138     ucrt:api-ms-win-crt-runtime-l1-1-0.dll
 0002:00000140       __imp__initterm            0000000180014140     ucrt:api-ms-win-crt-runtime-l1-1-0.dll
 0002:00000148       \177api-ms-win-crt-runtime-l1-1-0_NULL_THUNK_DATA 0000000180014148     ucrt:api-ms-win-crt-runtime-l1-1-0.dll
 0002:00000150       __imp___stdio_common_vsprintf 0000000180014150     ucrt:api-ms-win-crt-stdio-l1-1-0.dll
 0002:00000158       \177api-ms-win-crt-stdio-l1-1-0_NULL_THUNK_DATA 0000000180014158     ucrt:api-ms-win-crt-stdio-l1-1-0.dll
 0002:00000160       __imp_strlen               0000000180014160     ucrt:api-ms-win-crt-string-l1-1-0.dll
 0002:00000168       __imp_strcmp               0000000180014168     ucrt:api-ms-win-crt-string-l1-1-0.dll
 0002:00000170       \177api-ms-win-crt-string-l1-1-0_NULL_THUNK_DATA 0000000180014170     ucrt:api-ms-win-crt-string-l1-1-0.dll
 0002:00000178       __imp_emlrtMxGetLogicals   0000000180014178     libemlrt:libemlrt.dll
 0002:00000180       __imp_emlrtMxGetData       0000000180014180     libemlrt:libemlrt.dll
 0002:00000188       __imp_emlrtAlias           0000000180014188     libemlrt:libemlrt.dll
 0002:00000190       __imp_emlrtAssign          0000000180014190     libemlrt:libemlrt.dll
 0002:00000198       __imp_emlrtCheckStructR2012b 0000000180014198     libemlrt:libemlrt.dll
 0002:000001a0       __imp_emlrtCheckBuiltInR2012b 00000001800141a0     libemlrt:libemlrt.dll
 0002:000001a8       __imp_emlrtCallMATLABR2012b 00000001800141a8     libemlrt:libemlrt.dll
 0002:000001b0       __imp_emlrtDestroyArray    00000001800141b0     libemlrt:libemlrt.dll
 0002:000001b8       __imp_emlrtCreateCharArray 00000001800141b8     libemlrt:libemlrt.dll
 0002:000001c0       __imp_emlrtCreateLogicalScalar 00000001800141c0     libemlrt:libemlrt.dll
 0002:000001c8       __imp_emlrtCreateNumericMatrix 00000001800141c8     libemlrt:libemlrt.dll
 0002:000001d0       __imp_emlrtGetCell         00000001800141d0     libemlrt:libemlrt.dll
 0002:000001d8       __imp_emlrtSetCell         00000001800141d8     libemlrt:libemlrt.dll
 0002:000001e0       __imp_emlrtCreateCellMatrix 00000001800141e0     libemlrt:libemlrt.dll
 0002:000001e8       __imp_emlrtSetFieldR2017b  00000001800141e8     libemlrt:libemlrt.dll
 0002:000001f0       __imp_emlrtGetFieldR2017b  00000001800141f0     libemlrt:libemlrt.dll
 0002:000001f8       __imp_emlrtCreateStructMatrix 00000001800141f8     libemlrt:libemlrt.dll
 0002:00000200       __imp_emlrtInitCharArrayR2013a 0000000180014200     libemlrt:libemlrt.dll
 0002:00000208       \177libemlrt_NULL_THUNK_DATA 0000000180014208     libemlrt:libemlrt.dll
 0002:00000210       __imp_mexWarnMsgTxt_800    0000000180014210     libmex:libmex.dll
 0002:00000218       __imp_mexIsLocked_800      0000000180014218     libmex:libmex.dll
 0002:00000220       __imp_mexUnlock_800        0000000180014220     libmex:libmex.dll
 0002:00000228       __imp_mexCallMATLAB_800    0000000180014228     libmex:libmex.dll
 0002:00000230       __imp_mexPrintf_800        0000000180014230     libmex:libmex.dll
 0002:00000238       \177libmex_NULL_THUNK_DATA 0000000180014238     libmex:libmex.dll
 0002:00000240       __imp_cgxertSetRuntimeInstance 0000000180014240     libmwcgxert:libmwcgxert.dll
 0002:00000248       __imp_cgxertGetRuntimeInstance 0000000180014248     libmwcgxert:libmwcgxert.dll
 0002:00000250       __imp_cgxertGetInputPortSignal 0000000180014250     libmwcgxert:libmwcgxert.dll
 0002:00000258       __imp_cgxertSetGcb         0000000180014258     libmwcgxert:libmwcgxert.dll
 0002:00000260       __imp_cgxertRestoreGcb     0000000180014260     libmwcgxert:libmwcgxert.dll
 0002:00000268       __imp_cgxertGetEMLRTCtx    0000000180014268     libmwcgxert:libmwcgxert.dll
 0002:00000270       \177libmwcgxert_NULL_THUNK_DATA 0000000180014270     libmwcgxert:libmwcgxert.dll
 0002:00000278       __imp_mxSetFieldByNumber_800 0000000180014278     libmx:libmx.dll
 0002:00000280       __imp_mxGetString_800      0000000180014280     libmx:libmx.dll
 0002:00000288       __imp_mxCreateDoubleScalar_800 0000000180014288     libmx:libmx.dll
 0002:00000290       __imp_mxCreateDoubleMatrix_800 0000000180014290     libmx:libmx.dll
 0002:00000298       __imp_mxCreateNumericMatrix_800 0000000180014298     libmx:libmx.dll
 0002:000002a0       __imp_mxSetField_800       00000001800142a0     libmx:libmx.dll
 0002:000002a8       __imp_mxGetPr_800          00000001800142a8     libmx:libmx.dll
 0002:000002b0       __imp_mxGetN_800           00000001800142b0     libmx:libmx.dll
 0002:000002b8       __imp_mxIsComplex_800      00000001800142b8     libmx:libmx.dll
 0002:000002c0       __imp_mxIsChar_800         00000001800142c0     libmx:libmx.dll
 0002:000002c8       __imp_mxIsNumeric_800      00000001800142c8     libmx:libmx.dll
 0002:000002d0       __imp_mxGetData_800        00000001800142d0     libmx:libmx.dll
 0002:000002d8       __imp_mxGetClassID_800     00000001800142d8     libmx:libmx.dll
 0002:000002e0       __imp_mxGetM_800           00000001800142e0     libmx:libmx.dll
 0002:000002e8       __imp_mxCalloc_800         00000001800142e8     libmx:libmx.dll
 0002:000002f0       __imp_mxCreateStructMatrix_800 00000001800142f0     libmx:libmx.dll
 0002:000002f8       __imp_mxCreateCellMatrix_800 00000001800142f8     libmx:libmx.dll
 0002:00000300       __imp_mxCreateString_800   0000000180014300     libmx:libmx.dll
 0002:00000308       __imp_mxSetCell_800        0000000180014308     libmx:libmx.dll
 0002:00000310       \177libmx_NULL_THUNK_DATA  0000000180014310     libmx:libmx.dll
 0002:00000318       __guard_check_icall_fptr   0000000180014318     MSVCRT:guard_support.obj
 0002:00000320       __guard_xfg_check_icall_fptr 0000000180014320     MSVCRT:guard_support.obj
 0002:00000328       __guard_dispatch_icall_fptr 0000000180014328     MSVCRT:guard_support.obj
 0002:00000330       __guard_xfg_dispatch_icall_fptr 0000000180014330     MSVCRT:guard_support.obj
 0002:00000338       __guard_xfg_table_dispatch_icall_fptr 0000000180014338     MSVCRT:guard_support.obj
 0002:00000340       __castguard_check_failure_os_handled_fptr 0000000180014340     MSVCRT:guard_support.obj
 0002:00000348       __guard_memcpy_fptr        0000000180014348     vcruntime:softmemtag.obj
 0002:00000350       __xc_a                     0000000180014350     MSVCRT:initializers.obj
 0002:00000358       __xc_z                     0000000180014358     MSVCRT:initializers.obj
 0002:00000360       __xi_a                     0000000180014360     MSVCRT:initializers.obj
 0002:00000368       __xi_z                     0000000180014368     MSVCRT:initializers.obj
 0002:00000370       __xp_a                     0000000180014370     MSVCRT:initializers.obj
 0002:00000378       __xp_z                     0000000180014378     MSVCRT:initializers.obj
 0002:00000380       __xt_a                     0000000180014380     MSVCRT:initializers.obj
 0002:00000388       __xt_z                     0000000180014388     MSVCRT:initializers.obj
 0002:00000530       DYNAMIC_DIMENSION_DEF      0000000180014530     MotorWorking_cgxe_registry.obj
 0002:00000548       __real@0000000000000000    0000000180014548     MotorWorking_cgxe_registry.obj
 0002:00000550       __real@4010000000000000    0000000180014550     MotorWorking_cgxe_registry.obj
 0002:00000558       __real@41602cbca0000000    0000000180014558     MotorWorking_cgxe_registry.obj
 0002:00000560       __real@41c0d42393000000    0000000180014560     MotorWorking_cgxe_registry.obj
 0002:00000568       __real@41d33e1a1e000000    0000000180014568     MotorWorking_cgxe_registry.obj
 0002:00000570       __real@41d3991690800000    0000000180014570     MotorWorking_cgxe_registry.obj
 0002:00000578       __real@41d7cf2582c00000    0000000180014578     MotorWorking_cgxe_registry.obj
 0002:00000580       __real@41d889b300000000    0000000180014580     MotorWorking_cgxe_registry.obj
 0002:00000588       __real@41d98cd08e800000    0000000180014588     MotorWorking_cgxe_registry.obj
 0002:00000590       __real@41dc67f553c00000    0000000180014590     MotorWorking_cgxe_registry.obj
 0002:00000598       __real@41e13401bfc00000    0000000180014598     MotorWorking_cgxe_registry.obj
 0002:000005a0       __real@41e2069ed9a00000    00000001800145a0     MotorWorking_cgxe_registry.obj
 0002:000005a8       __real@41e5b0b712600000    00000001800145a8     MotorWorking_cgxe_registry.obj
 0002:000005b0       __real@41e6510a8f000000    00000001800145b0     MotorWorking_cgxe_registry.obj
 0002:000005b8       __real@41e9da94c7a00000    00000001800145b8     MotorWorking_cgxe_registry.obj
 0002:000005c0       __real@41ec00b24ba00000    00000001800145c0     MotorWorking_cgxe_registry.obj
 0002:000005c8       __real@41ef6cc3cee00000    00000001800145c8     MotorWorking_cgxe_registry.obj
 0002:000005d0       __real@41efb888a5c00000    00000001800145d0     MotorWorking_cgxe_registry.obj
 0002:000005d8       __real@41efdd84cc400000    00000001800145d8     MotorWorking_cgxe_registry.obj
 0002:000005e0       __real@bff0000000000000    00000001800145e0     MotorWorking_cgxe_registry.obj
 0002:000005f8       _pDefaultRawDllMain        00000001800145f8     MSVCRT:dll_dllmain.obj
 0002:000005f8       _pRawDllMain               00000001800145f8     MSVCRT:dll_dllmain.obj
 0002:00000600       __xmm@ffffffffffffffffffffffffffffffff 0000000180014600     MSVCRT:utility.obj
 0002:00000610       _load_config_used          0000000180014610     MSVCRT:loadcfg.obj
 0002:00000780       __CastGuardVftablesStart   0000000180014780     MSVCRT:guard_support.obj
 0002:00000800       __CastGuardVftablesEnd     0000000180014800     MSVCRT:guard_support.obj
 0002:00000880       __volatile_metadata        0000000180014880     <linker-defined>
 0002:00000ce0       __rtc_iaa                  0000000180014ce0     MSVCRT:initsect.obj
 0002:00000ce8       __rtc_izz                  0000000180014ce8     MSVCRT:initsect.obj
 0002:00000cf0       __rtc_taa                  0000000180014cf0     MSVCRT:initsect.obj
 0002:00000cf8       __rtc_tzz                  0000000180014cf8     MSVCRT:initsect.obj
 0002:00001a1c       __IMPORT_DESCRIPTOR_libmx  0000000180015a1c     libmx:libmx.dll
 0002:00001a30       __IMPORT_DESCRIPTOR_libmex 0000000180015a30     libmex:libmex.dll
 0002:00001a44       __IMPORT_DESCRIPTOR_libemlrt 0000000180015a44     libemlrt:libemlrt.dll
 0002:00001a58       __IMPORT_DESCRIPTOR_libmwcgxert 0000000180015a58     libmwcgxert:libmwcgxert.dll
 0002:00001a6c       __IMPORT_DESCRIPTOR_KERNEL32 0000000180015a6c     kernel32:KERNEL32.dll
 0002:00001a80       __IMPORT_DESCRIPTOR_VCRUNTIME140 0000000180015a80     vcruntime:VCRUNTIME140.dll
 0002:00001a94       __IMPORT_DESCRIPTOR_api-ms-win-crt-heap-l1-1-0 0000000180015a94     ucrt:api-ms-win-crt-heap-l1-1-0.dll
 0002:00001aa8       __IMPORT_DESCRIPTOR_api-ms-win-crt-string-l1-1-0 0000000180015aa8     ucrt:api-ms-win-crt-string-l1-1-0.dll
 0002:00001abc       __IMPORT_DESCRIPTOR_api-ms-win-crt-stdio-l1-1-0 0000000180015abc     ucrt:api-ms-win-crt-stdio-l1-1-0.dll
 0002:00001ad0       __IMPORT_DESCRIPTOR_api-ms-win-crt-runtime-l1-1-0 0000000180015ad0     ucrt:api-ms-win-crt-runtime-l1-1-0.dll
 0002:00001ae4       __NULL_IMPORT_DESCRIPTOR   0000000180015ae4     libmx:libmx.dll
 0003:00001e00       DYNAMIC_DIMENSION          0000000180018e00     MotorWorking_cgxe_registry.obj
 0003:00004180       __security_cookie_complement 000000018001b180     MSVCRT:gs_cookie.obj
 0003:00004188       __security_cookie          000000018001b188     MSVCRT:gs_cookie.obj
 0003:00004190       _fltused                   000000018001b190     MSVCRT:fltused.obj
 0003:00004194       __scrt_native_dllmain_reason 000000018001b194     MSVCRT:utility.obj
 0003:00004198       __isa_available            000000018001b198     MSVCRT:cpu_disp.obj
 0003:0000419c       __isa_enabled              000000018001b19c     MSVCRT:cpu_disp.obj
 0003:000041a0       __memset_fast_string_threshold 000000018001b1a0     MSVCRT:cpu_disp.obj
 0003:000041a8       __memset_nt_threshold      000000018001b1a8     MSVCRT:cpu_disp.obj
 0003:000041b0       __scrt_ucrt_dll_is_in_use  000000018001b1b0     MSVCRT:ucrt_stubs.obj
 0003:00004780       ?__type_info_root_node@@3U__type_info_node@@A 000000018001b780     MSVCRT:tncleanup.obj
 0003:00004790       ?_OptionsStorage@?1??__local_stdio_printf_options@@9@4_KA 000000018001b790     MSVCRT:default_local_stdio_options.obj
 0003:00004798       ?_OptionsStorage@?1??__local_stdio_scanf_options@@9@4_KA 000000018001b798     MSVCRT:default_local_stdio_options.obj
 0003:000047a0       __scrt_current_native_startup_state 000000018001b7a0     MSVCRT:utility.obj
 0003:000047a8       __scrt_native_startup_lock 000000018001b7a8     MSVCRT:utility.obj
 0003:000047e8       __scrt_debugger_hook_flag  000000018001b7e8     MSVCRT:utility_desktop.obj
 0003:000047f0       __castguard_check_failure_user_handled_fptr 000000018001b7f0     MSVCRT:guard_support.obj
 0003:000047f8       __favor                    000000018001b7f8     MSVCRT:cpu_disp.obj
 0003:00004800       ?_OptionsStorage@?1??__local_stdio_printf_options@@9@9 000000018001b800     <common>
 0003:00004808       __dyn_tls_init_callback    000000018001b808     <common>

 entry point at        0001:00012050

 Static symbols

 0000:00000000       .debug$S                   0000000180000000     MotorWorking_cgxe.exp
 0000:00000000       _volmd                     0000000180000000     MotorWorking_cgxe_registry.obj
 0000:00000000       _volmd                     0000000180000000     m_bg50hRmc6UAsemHLG3AoeE.obj
 0000:00000000       _volmd                     0000000180000000     m_dYZZzNbePGHHoKucqxRynD.obj
 0000:00000000       _volmd                     0000000180000000     m_mGg5kldJFMUqqcMFYTCXk.obj
 0000:00000000       _volmd                     0000000180000000     m_vhCIMhSDxW7vJ4zd5fVmYF.obj
 0000:00000000       .debug$S                   0000000180000000     ucrt:api-ms-win-crt-heap-l1-1-0.dll
 0000:00000000       .debug$S                   0000000180000000     ucrt:api-ms-win-crt-heap-l1-1-0.dll
 0000:00000000       .debug$S                   0000000180000000     ucrt:api-ms-win-crt-heap-l1-1-0.dll
 0000:00000000       .debug$S                   0000000180000000     ucrt:api-ms-win-crt-runtime-l1-1-0.dll
 0000:00000000       .debug$S                   0000000180000000     ucrt:api-ms-win-crt-runtime-l1-1-0.dll
 0000:00000000       .debug$S                   0000000180000000     ucrt:api-ms-win-crt-runtime-l1-1-0.dll
 0000:00000000       .debug$S                   0000000180000000     ucrt:api-ms-win-crt-runtime-l1-1-0.dll
 0000:00000000       .debug$S                   0000000180000000     ucrt:api-ms-win-crt-runtime-l1-1-0.dll
 0000:00000000       .debug$S                   0000000180000000     ucrt:api-ms-win-crt-runtime-l1-1-0.dll
 0000:00000000       .debug$S                   0000000180000000     ucrt:api-ms-win-crt-runtime-l1-1-0.dll
 0000:00000000       .debug$S                   0000000180000000     ucrt:api-ms-win-crt-runtime-l1-1-0.dll
 0000:00000000       .debug$S                   0000000180000000     ucrt:api-ms-win-crt-runtime-l1-1-0.dll
 0000:00000000       .debug$S                   0000000180000000     ucrt:api-ms-win-crt-runtime-l1-1-0.dll
 0000:00000000       .debug$S                   0000000180000000     ucrt:api-ms-win-crt-runtime-l1-1-0.dll
 0000:00000000       .debug$S                   0000000180000000     ucrt:api-ms-win-crt-runtime-l1-1-0.dll
 0000:00000000       .debug$S                   0000000180000000     ucrt:api-ms-win-crt-stdio-l1-1-0.dll
 0000:00000000       .debug$S                   0000000180000000     ucrt:api-ms-win-crt-string-l1-1-0.dll
 0000:00000000       .debug$S                   0000000180000000     ucrt:api-ms-win-crt-string-l1-1-0.dll
 0000:00000000       .debug$S                   0000000180000000     kernel32:KERNEL32.dll
 0000:00000000       .debug$S                   0000000180000000     kernel32:KERNEL32.dll
 0000:00000000       .debug$S                   0000000180000000     kernel32:KERNEL32.dll
 0000:00000000       .debug$S                   0000000180000000     kernel32:KERNEL32.dll
 0000:00000000       .debug$S                   0000000180000000     kernel32:KERNEL32.dll
 0000:00000000       .debug$S                   0000000180000000     kernel32:KERNEL32.dll
 0000:00000000       .debug$S                   0000000180000000     kernel32:KERNEL32.dll
 0000:00000000       .debug$S                   0000000180000000     kernel32:KERNEL32.dll
 0000:00000000       .debug$S                   0000000180000000     kernel32:KERNEL32.dll
 0000:00000000       .debug$S                   0000000180000000     kernel32:KERNEL32.dll
 0000:00000000       .debug$S                   0000000180000000     kernel32:KERNEL32.dll
 0000:00000000       .debug$S                   0000000180000000     kernel32:KERNEL32.dll
 0000:00000000       .debug$S                   0000000180000000     kernel32:KERNEL32.dll
 0000:00000000       .debug$S                   0000000180000000     kernel32:KERNEL32.dll
 0000:00000000       .debug$S                   0000000180000000     kernel32:KERNEL32.dll
 0000:00000000       .debug$S                   0000000180000000     kernel32:KERNEL32.dll
 0000:00000000       .debug$S                   0000000180000000     kernel32:KERNEL32.dll
 0000:00000000       .debug$S                   0000000180000000     libemlrt:libemlrt.dll
 0000:00000000       .debug$S                   0000000180000000     libemlrt:libemlrt.dll
 0000:00000000       .debug$S                   0000000180000000     libemlrt:libemlrt.dll
 0000:00000000       .debug$S                   0000000180000000     libemlrt:libemlrt.dll
 0000:00000000       .debug$S                   0000000180000000     libemlrt:libemlrt.dll
 0000:00000000       .debug$S                   0000000180000000     libemlrt:libemlrt.dll
 0000:00000000       .debug$S                   0000000180000000     libemlrt:libemlrt.dll
 0000:00000000       .debug$S                   0000000180000000     libemlrt:libemlrt.dll
 0000:00000000       .debug$S                   0000000180000000     libemlrt:libemlrt.dll
 0000:00000000       .debug$S                   0000000180000000     libemlrt:libemlrt.dll
 0000:00000000       .debug$S                   0000000180000000     libemlrt:libemlrt.dll
 0000:00000000       .debug$S                   0000000180000000     libemlrt:libemlrt.dll
 0000:00000000       .debug$S                   0000000180000000     libemlrt:libemlrt.dll
 0000:00000000       .debug$S                   0000000180000000     libemlrt:libemlrt.dll
 0000:00000000       .debug$S                   0000000180000000     libemlrt:libemlrt.dll
 0000:00000000       .debug$S                   0000000180000000     libemlrt:libemlrt.dll
 0000:00000000       .debug$S                   0000000180000000     libemlrt:libemlrt.dll
 0000:00000000       .debug$S                   0000000180000000     libemlrt:libemlrt.dll
 0000:00000000       .debug$S                   0000000180000000     libmex:libmex.dll
 0000:00000000       .debug$S                   0000000180000000     libmex:libmex.dll
 0000:00000000       .debug$S                   0000000180000000     libmex:libmex.dll
 0000:00000000       .debug$S                   0000000180000000     libmex:libmex.dll
 0000:00000000       .debug$S                   0000000180000000     libmex:libmex.dll
 0000:00000000       .debug$S                   0000000180000000     libmwcgxert:libmwcgxert.dll
 0000:00000000       .debug$S                   0000000180000000     libmwcgxert:libmwcgxert.dll
 0000:00000000       .debug$S                   0000000180000000     libmwcgxert:libmwcgxert.dll
 0000:00000000       .debug$S                   0000000180000000     libmwcgxert:libmwcgxert.dll
 0000:00000000       .debug$S                   0000000180000000     libmwcgxert:libmwcgxert.dll
 0000:00000000       .debug$S                   0000000180000000     libmwcgxert:libmwcgxert.dll
 0000:00000000       .debug$S                   0000000180000000     libmx:libmx.dll
 0000:00000000       .debug$S                   0000000180000000     libmx:libmx.dll
 0000:00000000       .debug$S                   0000000180000000     libmx:libmx.dll
 0000:00000000       .debug$S                   0000000180000000     libmx:libmx.dll
 0000:00000000       .debug$S                   0000000180000000     libmx:libmx.dll
 0000:00000000       .debug$S                   0000000180000000     libmx:libmx.dll
 0000:00000000       .debug$S                   0000000180000000     libmx:libmx.dll
 0000:00000000       .debug$S                   0000000180000000     libmx:libmx.dll
 0000:00000000       .debug$S                   0000000180000000     libmx:libmx.dll
 0000:00000000       .debug$S                   0000000180000000     libmx:libmx.dll
 0000:00000000       .debug$S                   0000000180000000     libmx:libmx.dll
 0000:00000000       .debug$S                   0000000180000000     libmx:libmx.dll
 0000:00000000       .debug$S                   0000000180000000     libmx:libmx.dll
 0000:00000000       .debug$S                   0000000180000000     libmx:libmx.dll
 0000:00000000       .debug$S                   0000000180000000     libmx:libmx.dll
 0000:00000000       .debug$S                   0000000180000000     libmx:libmx.dll
 0000:00000000       .debug$S                   0000000180000000     libmx:libmx.dll
 0000:00000000       .debug$S                   0000000180000000     libmx:libmx.dll
 0000:00000000       .debug$S                   0000000180000000     libmx:libmx.dll
 0000:00000000       _volmd                     0000000180000000     MSVCRT:cpu_disp.obj
 0002:fffec000       __guard_ehcont_?dllmain_dispatch@@YAHQEAUHINSTANCE__@@KQEAX@Z 0000000180000000     MSVCRT:dll_dllmain.obj
 0002:fffec000       __guard_fids_?dllmain_dispatch@@YAHQEAUHINSTANCE__@@KQEAX@Z 0000000180000000     MSVCRT:dll_dllmain.obj
 0000:00000000       _volmd                     0000000180000000     MSVCRT:gs_report.obj
 0000:00000000       _volmd                     0000000180000000     MSVCRT:gs_report.obj
 0000:00000000       _volmd                     0000000180000000     MSVCRT:gs_report.obj
 0002:fffec000       __guard_fids__             0000000180000000     MSVCRT:guard_support.obj
 0002:fffec000       __guard_fids__             0000000180000000     MSVCRT:guard_support.obj
 0002:fffec000       __guard_fids__guard_icall_checks_enforced 0000000180000000     MSVCRT:guard_support.obj
 0000:00000000       _volmd                     0000000180000000     MSVCRT:guard_support.obj
 0000:00000000       _volmd                     0000000180000000     MSVCRT:guard_support.obj
 0000:00000000       _volmd                     0000000180000000     MSVCRT:guard_support.obj
 0000:00000000       _volmd                     0000000180000000     MSVCRT:guard_support.obj
 0000:00000000       _volmd                     0000000180000000     MSVCRT:guard_support.obj
 0000:00000000       _volmd                     0000000180000000     MSVCRT:guard_support.obj
 0000:00000000       _volmd                     0000000180000000     MSVCRT:guard_support.obj
 0000:00000000       _volmd                     0000000180000000     MSVCRT:guard_support.obj
 0000:00000000       _volmd                     0000000180000000     MSVCRT:guard_support.obj
 0000:00000000       _volmd                     0000000180000000     MSVCRT:guard_support.obj
 0002:fffec000       __guard_ehcont___scrt_is_nonwritable_in_current_image 0000000180000000     MSVCRT:utility.obj
 0000:00000000       _volmd                     0000000180000000     MSVCRT:utility.obj
 0000:00000000       _volmd                     0000000180000000     MSVCRT:utility.obj
 0000:00000000       _volmd                     0000000180000000     MSVCRT:utility.obj
 0002:fffec000       __guard_fids___scrt_set_unhandled_exception_filter 0000000180000000     MSVCRT:utility_desktop.obj
 0000:00000000       _volmd                     0000000180000000     MSVCRT:utility_desktop.obj
 0002:fffec000       __guard_fids__             0000000180000000     vcruntime:softmemtag.obj
 0000:00000000       .debug$S                   0000000180000000     vcruntime:VCRUNTIME140.dll
 0000:00000000       .debug$S                   0000000180000000     vcruntime:VCRUNTIME140.dll
 0000:00000000       .debug$S                   0000000180000000     vcruntime:VCRUNTIME140.dll
 0000:00000000       .debug$S                   0000000180000000     vcruntime:VCRUNTIME140.dll
 0000:00000000       .debug$S                   0000000180000000     vcruntime:VCRUNTIME140.dll
 0000:00000000       .debug$S                   0000000180000000     vcruntime:VCRUNTIME140.dll
 0000:00000010       _volmd                     0000000180000010     MotorWorking_cgxe_registry.obj
 0000:00000010       _volmd                     0000000180000010     m_bg50hRmc6UAsemHLG3AoeE.obj
 0000:00000010       _volmd                     0000000180000010     m_dYZZzNbePGHHoKucqxRynD.obj
 0000:00000010       _volmd                     0000000180000010     m_mGg5kldJFMUqqcMFYTCXk.obj
 0000:00000010       _volmd                     0000000180000010     m_vhCIMhSDxW7vJ4zd5fVmYF.obj
 0000:00000020       _volmd                     0000000180000020     MotorWorking_cgxe_registry.obj
 0000:00000020       _volmd                     0000000180000020     m_bg50hRmc6UAsemHLG3AoeE.obj
 0000:00000020       _volmd                     0000000180000020     m_dYZZzNbePGHHoKucqxRynD.obj
 0000:00000020       _volmd                     0000000180000020     m_mGg5kldJFMUqqcMFYTCXk.obj
 0000:00000020       _volmd                     0000000180000020     m_vhCIMhSDxW7vJ4zd5fVmYF.obj
 0000:00000030       _volmd                     0000000180000030     MotorWorking_cgxe_registry.obj
 0000:00000030       _volmd                     0000000180000030     m_bg50hRmc6UAsemHLG3AoeE.obj
 0000:00000030       _volmd                     0000000180000030     m_dYZZzNbePGHHoKucqxRynD.obj
 0000:00000030       _volmd                     0000000180000030     m_mGg5kldJFMUqqcMFYTCXk.obj
 0000:00000030       _volmd                     0000000180000030     m_vhCIMhSDxW7vJ4zd5fVmYF.obj
 0000:00000040       _volmd                     0000000180000040     MotorWorking_cgxe_registry.obj
 0000:00000040       _volmd                     0000000180000040     m_bg50hRmc6UAsemHLG3AoeE.obj
 0000:00000040       _volmd                     0000000180000040     m_dYZZzNbePGHHoKucqxRynD.obj
 0000:00000040       _volmd                     0000000180000040     m_mGg5kldJFMUqqcMFYTCXk.obj
 0000:00000040       _volmd                     0000000180000040     m_vhCIMhSDxW7vJ4zd5fVmYF.obj
 0000:00000050       _volmd                     0000000180000050     MotorWorking_cgxe_registry.obj
 0000:00000050       _volmd                     0000000180000050     m_bg50hRmc6UAsemHLG3AoeE.obj
 0000:00000050       _volmd                     0000000180000050     m_dYZZzNbePGHHoKucqxRynD.obj
 0000:00000050       _volmd                     0000000180000050     m_mGg5kldJFMUqqcMFYTCXk.obj
 0000:00000050       _volmd                     0000000180000050     m_vhCIMhSDxW7vJ4zd5fVmYF.obj
 0000:00000060       _volmd                     0000000180000060     MotorWorking_cgxe_registry.obj
 0000:00000070       _volmd                     0000000180000070     MotorWorking_cgxe_registry.obj
 0000:00000080       _volmd                     0000000180000080     MotorWorking_cgxe_registry.obj
 0000:00000090       _volmd                     0000000180000090     MotorWorking_cgxe_registry.obj
 0000:000000a0       _volmd                     00000001800000a0     MotorWorking_cgxe_registry.obj
 0000:000000b0       _volmd                     00000001800000b0     MotorWorking_cgxe_registry.obj
 0000:000000c0       _volmd                     00000001800000c0     MotorWorking_cgxe_registry.obj
 0000:000000d0       _volmd                     00000001800000d0     MotorWorking_cgxe_registry.obj
 0000:000000e0       _volmd                     00000001800000e0     MotorWorking_cgxe_registry.obj
 0001:000002d0       cgxe_mdl_start             00000001800012d0 f   m_bg50hRmc6UAsemHLG3AoeE.obj
 0001:00000360       cgxe_mdl_initialize        0000000180001360 f   m_bg50hRmc6UAsemHLG3AoeE.obj
 0001:000003e0       cgxe_mdl_outputs           00000001800013e0 f   m_bg50hRmc6UAsemHLG3AoeE.obj
 0001:00000460       cgxe_mdl_update            0000000180001460 f   m_bg50hRmc6UAsemHLG3AoeE.obj
 0001:00000470       cgxe_mdl_derivative        0000000180001470 f   m_bg50hRmc6UAsemHLG3AoeE.obj
 0001:00000480       cgxe_mdl_enable            0000000180001480 f   m_bg50hRmc6UAsemHLG3AoeE.obj
 0001:00000490       cgxe_mdl_disable           0000000180001490 f   m_bg50hRmc6UAsemHLG3AoeE.obj
 0001:000004a0       cgxe_mdl_terminate         00000001800014a0 f   m_bg50hRmc6UAsemHLG3AoeE.obj
 0001:000004f0       mw__internal__system__init__fcn 00000001800014f0 f   m_bg50hRmc6UAsemHLG3AoeE.obj
 0001:00000510       mw__internal__system__terminate__fcn 0000000180001510 f   m_bg50hRmc6UAsemHLG3AoeE.obj
 0001:00000580       mw__internal__call__setup  0000000180001580 f   m_bg50hRmc6UAsemHLG3AoeE.obj
 0001:00000950       SystemCore_checkTunablePropChange 0000000180001950 f   m_bg50hRmc6UAsemHLG3AoeE.obj
 0001:00000b50       mw__internal__call__reset  0000000180001b50 f   m_bg50hRmc6UAsemHLG3AoeE.obj
 0001:00000ec0       mw__internal__call__step   0000000180001ec0 f   m_bg50hRmc6UAsemHLG3AoeE.obj
 0001:00001340       emlrt_marshallOut          0000000180002340 f   m_bg50hRmc6UAsemHLG3AoeE.obj
 0001:00001570       cgxe_mdl_get_sim_state     0000000180002570 f   m_bg50hRmc6UAsemHLG3AoeE.obj
 0001:000015b0       emlrt_marshallIn           00000001800025b0 f   m_bg50hRmc6UAsemHLG3AoeE.obj
 0001:000016a0       b_emlrt_marshallIn         00000001800026a0 f   m_bg50hRmc6UAsemHLG3AoeE.obj
 0001:00001770       c_emlrt_marshallIn         0000000180002770 f   m_bg50hRmc6UAsemHLG3AoeE.obj
 0001:000019a0       d_emlrt_marshallIn         00000001800029a0 f   m_bg50hRmc6UAsemHLG3AoeE.obj
 0001:000019f0       e_emlrt_marshallIn         00000001800029f0 f   m_bg50hRmc6UAsemHLG3AoeE.obj
 0001:00001a40       f_emlrt_marshallIn         0000000180002a40 f   m_bg50hRmc6UAsemHLG3AoeE.obj
 0001:00001ab0       cgxe_mdl_set_sim_state     0000000180002ab0 f   m_bg50hRmc6UAsemHLG3AoeE.obj
 0001:00001b20       message                    0000000180002b20 f   m_bg50hRmc6UAsemHLG3AoeE.obj
 0001:00001bc0       getString                  0000000180002bc0 f   m_bg50hRmc6UAsemHLG3AoeE.obj
 0001:00001c30       error                      0000000180002c30 f   m_bg50hRmc6UAsemHLG3AoeE.obj
 0001:00001cc0       b_message                  0000000180002cc0 f   m_bg50hRmc6UAsemHLG3AoeE.obj
 0001:00001d30       g_emlrt_marshallIn         0000000180002d30 f   m_bg50hRmc6UAsemHLG3AoeE.obj
 0001:00001db0       h_emlrt_marshallIn         0000000180002db0 f   m_bg50hRmc6UAsemHLG3AoeE.obj
 0001:00001e20       init_simulink_io_address   0000000180002e20 f   m_bg50hRmc6UAsemHLG3AoeE.obj
 0001:00001e70       mdlOutputs_bg50hRmc6UAsemHLG3AoeE 0000000180002e70 f   m_bg50hRmc6UAsemHLG3AoeE.obj
 0001:00001eb0       mdlInitialize_bg50hRmc6UAsemHLG3AoeE 0000000180002eb0 f   m_bg50hRmc6UAsemHLG3AoeE.obj
 0001:00001ee0       mdlUpdate_bg50hRmc6UAsemHLG3AoeE 0000000180002ee0 f   m_bg50hRmc6UAsemHLG3AoeE.obj
 0001:00001f20       mdlDerivatives_bg50hRmc6UAsemHLG3AoeE 0000000180002f20 f   m_bg50hRmc6UAsemHLG3AoeE.obj
 0001:00001f50       getSimState_bg50hRmc6UAsemHLG3AoeE 0000000180002f50 f   m_bg50hRmc6UAsemHLG3AoeE.obj
 0001:00001f90       setSimState_bg50hRmc6UAsemHLG3AoeE 0000000180002f90 f   m_bg50hRmc6UAsemHLG3AoeE.obj
 0001:00001fd0       mdlTerminate_bg50hRmc6UAsemHLG3AoeE 0000000180002fd0 f   m_bg50hRmc6UAsemHLG3AoeE.obj
 0001:00002010       mdlEnable_bg50hRmc6UAsemHLG3AoeE 0000000180003010 f   m_bg50hRmc6UAsemHLG3AoeE.obj
 0001:00002040       mdlDisable_bg50hRmc6UAsemHLG3AoeE 0000000180003040 f   m_bg50hRmc6UAsemHLG3AoeE.obj
 0001:00002070       mdlStart_bg50hRmc6UAsemHLG3AoeE 0000000180003070 f   m_bg50hRmc6UAsemHLG3AoeE.obj
 0001:00002180       mdlProcessParameters_bg50hRmc6UAsemHLG3AoeE 0000000180003180 f   m_bg50hRmc6UAsemHLG3AoeE.obj
 0001:00002450       cgxe_mdl_start             0000000180003450 f   m_dYZZzNbePGHHoKucqxRynD.obj
 0001:000024e0       cgxe_mdl_initialize        00000001800034e0 f   m_dYZZzNbePGHHoKucqxRynD.obj
 0001:00002560       cgxe_mdl_outputs           0000000180003560 f   m_dYZZzNbePGHHoKucqxRynD.obj
 0001:000025e0       cgxe_mdl_update            00000001800035e0 f   m_dYZZzNbePGHHoKucqxRynD.obj
 0001:000025f0       cgxe_mdl_derivative        00000001800035f0 f   m_dYZZzNbePGHHoKucqxRynD.obj
 0001:00002600       cgxe_mdl_enable            0000000180003600 f   m_dYZZzNbePGHHoKucqxRynD.obj
 0001:00002610       cgxe_mdl_disable           0000000180003610 f   m_dYZZzNbePGHHoKucqxRynD.obj
 0001:00002620       cgxe_mdl_terminate         0000000180003620 f   m_dYZZzNbePGHHoKucqxRynD.obj
 0001:00002670       mw__internal__system__init__fcn 0000000180003670 f   m_dYZZzNbePGHHoKucqxRynD.obj
 0001:00002690       mw__internal__system__terminate__fcn 0000000180003690 f   m_dYZZzNbePGHHoKucqxRynD.obj
 0001:00002700       mw__internal__call__setup  0000000180003700 f   m_dYZZzNbePGHHoKucqxRynD.obj
 0001:00002ad0       SystemCore_checkTunablePropChange 0000000180003ad0 f   m_dYZZzNbePGHHoKucqxRynD.obj
 0001:00002cd0       mw__internal__call__reset  0000000180003cd0 f   m_dYZZzNbePGHHoKucqxRynD.obj
 0001:00003040       mw__internal__call__step   0000000180004040 f   m_dYZZzNbePGHHoKucqxRynD.obj
 0001:000034c0       emlrt_marshallOut          00000001800044c0 f   m_dYZZzNbePGHHoKucqxRynD.obj
 0001:000036f0       cgxe_mdl_get_sim_state     00000001800046f0 f   m_dYZZzNbePGHHoKucqxRynD.obj
 0001:00003730       emlrt_marshallIn           0000000180004730 f   m_dYZZzNbePGHHoKucqxRynD.obj
 0001:00003820       b_emlrt_marshallIn         0000000180004820 f   m_dYZZzNbePGHHoKucqxRynD.obj
 0001:000038f0       c_emlrt_marshallIn         00000001800048f0 f   m_dYZZzNbePGHHoKucqxRynD.obj
 0001:00003b20       d_emlrt_marshallIn         0000000180004b20 f   m_dYZZzNbePGHHoKucqxRynD.obj
 0001:00003b70       e_emlrt_marshallIn         0000000180004b70 f   m_dYZZzNbePGHHoKucqxRynD.obj
 0001:00003bc0       f_emlrt_marshallIn         0000000180004bc0 f   m_dYZZzNbePGHHoKucqxRynD.obj
 0001:00003c30       cgxe_mdl_set_sim_state     0000000180004c30 f   m_dYZZzNbePGHHoKucqxRynD.obj
 0001:00003ca0       message                    0000000180004ca0 f   m_dYZZzNbePGHHoKucqxRynD.obj
 0001:00003d40       getString                  0000000180004d40 f   m_dYZZzNbePGHHoKucqxRynD.obj
 0001:00003db0       error                      0000000180004db0 f   m_dYZZzNbePGHHoKucqxRynD.obj
 0001:00003e40       b_message                  0000000180004e40 f   m_dYZZzNbePGHHoKucqxRynD.obj
 0001:00003eb0       g_emlrt_marshallIn         0000000180004eb0 f   m_dYZZzNbePGHHoKucqxRynD.obj
 0001:00003f30       h_emlrt_marshallIn         0000000180004f30 f   m_dYZZzNbePGHHoKucqxRynD.obj
 0001:00003fa0       init_simulink_io_address   0000000180004fa0 f   m_dYZZzNbePGHHoKucqxRynD.obj
 0001:00003ff0       mdlOutputs_dYZZzNbePGHHoKucqxRynD 0000000180004ff0 f   m_dYZZzNbePGHHoKucqxRynD.obj
 0001:00004030       mdlInitialize_dYZZzNbePGHHoKucqxRynD 0000000180005030 f   m_dYZZzNbePGHHoKucqxRynD.obj
 0001:00004060       mdlUpdate_dYZZzNbePGHHoKucqxRynD 0000000180005060 f   m_dYZZzNbePGHHoKucqxRynD.obj
 0001:000040a0       mdlDerivatives_dYZZzNbePGHHoKucqxRynD 00000001800050a0 f   m_dYZZzNbePGHHoKucqxRynD.obj
 0001:000040d0       getSimState_dYZZzNbePGHHoKucqxRynD 00000001800050d0 f   m_dYZZzNbePGHHoKucqxRynD.obj
 0001:00004110       setSimState_dYZZzNbePGHHoKucqxRynD 0000000180005110 f   m_dYZZzNbePGHHoKucqxRynD.obj
 0001:00004150       mdlTerminate_dYZZzNbePGHHoKucqxRynD 0000000180005150 f   m_dYZZzNbePGHHoKucqxRynD.obj
 0001:00004190       mdlEnable_dYZZzNbePGHHoKucqxRynD 0000000180005190 f   m_dYZZzNbePGHHoKucqxRynD.obj
 0001:000041c0       mdlDisable_dYZZzNbePGHHoKucqxRynD 00000001800051c0 f   m_dYZZzNbePGHHoKucqxRynD.obj
 0001:000041f0       mdlStart_dYZZzNbePGHHoKucqxRynD 00000001800051f0 f   m_dYZZzNbePGHHoKucqxRynD.obj
 0001:00004300       mdlProcessParameters_dYZZzNbePGHHoKucqxRynD 0000000180005300 f   m_dYZZzNbePGHHoKucqxRynD.obj
 0001:000045d0       cgxe_mdl_start             00000001800055d0 f   m_mGg5kldJFMUqqcMFYTCXk.obj
 0001:00004660       cgxe_mdl_initialize        0000000180005660 f   m_mGg5kldJFMUqqcMFYTCXk.obj
 0001:000046e0       cgxe_mdl_outputs           00000001800056e0 f   m_mGg5kldJFMUqqcMFYTCXk.obj
 0001:00004760       cgxe_mdl_update            0000000180005760 f   m_mGg5kldJFMUqqcMFYTCXk.obj
 0001:00004770       cgxe_mdl_derivative        0000000180005770 f   m_mGg5kldJFMUqqcMFYTCXk.obj
 0001:00004780       cgxe_mdl_enable            0000000180005780 f   m_mGg5kldJFMUqqcMFYTCXk.obj
 0001:00004790       cgxe_mdl_disable           0000000180005790 f   m_mGg5kldJFMUqqcMFYTCXk.obj
 0001:000047a0       cgxe_mdl_terminate         00000001800057a0 f   m_mGg5kldJFMUqqcMFYTCXk.obj
 0001:000047f0       mw__internal__system__init__fcn 00000001800057f0 f   m_mGg5kldJFMUqqcMFYTCXk.obj
 0001:00004810       mw__internal__system__terminate__fcn 0000000180005810 f   m_mGg5kldJFMUqqcMFYTCXk.obj
 0001:00004880       mw__internal__call__setup  0000000180005880 f   m_mGg5kldJFMUqqcMFYTCXk.obj
 0001:00004c50       SystemCore_checkTunablePropChange 0000000180005c50 f   m_mGg5kldJFMUqqcMFYTCXk.obj
 0001:00004e50       mw__internal__call__reset  0000000180005e50 f   m_mGg5kldJFMUqqcMFYTCXk.obj
 0001:000051c0       mw__internal__call__step   00000001800061c0 f   m_mGg5kldJFMUqqcMFYTCXk.obj
 0001:00005640       emlrt_marshallOut          0000000180006640 f   m_mGg5kldJFMUqqcMFYTCXk.obj
 0001:00005870       cgxe_mdl_get_sim_state     0000000180006870 f   m_mGg5kldJFMUqqcMFYTCXk.obj
 0001:000058b0       emlrt_marshallIn           00000001800068b0 f   m_mGg5kldJFMUqqcMFYTCXk.obj
 0001:000059a0       b_emlrt_marshallIn         00000001800069a0 f   m_mGg5kldJFMUqqcMFYTCXk.obj
 0001:00005a70       c_emlrt_marshallIn         0000000180006a70 f   m_mGg5kldJFMUqqcMFYTCXk.obj
 0001:00005ca0       d_emlrt_marshallIn         0000000180006ca0 f   m_mGg5kldJFMUqqcMFYTCXk.obj
 0001:00005cf0       e_emlrt_marshallIn         0000000180006cf0 f   m_mGg5kldJFMUqqcMFYTCXk.obj
 0001:00005d40       f_emlrt_marshallIn         0000000180006d40 f   m_mGg5kldJFMUqqcMFYTCXk.obj
 0001:00005db0       cgxe_mdl_set_sim_state     0000000180006db0 f   m_mGg5kldJFMUqqcMFYTCXk.obj
 0001:00005e20       message                    0000000180006e20 f   m_mGg5kldJFMUqqcMFYTCXk.obj
 0001:00005ec0       getString                  0000000180006ec0 f   m_mGg5kldJFMUqqcMFYTCXk.obj
 0001:00005f30       error                      0000000180006f30 f   m_mGg5kldJFMUqqcMFYTCXk.obj
 0001:00005fc0       b_message                  0000000180006fc0 f   m_mGg5kldJFMUqqcMFYTCXk.obj
 0001:00006030       g_emlrt_marshallIn         0000000180007030 f   m_mGg5kldJFMUqqcMFYTCXk.obj
 0001:000060b0       h_emlrt_marshallIn         00000001800070b0 f   m_mGg5kldJFMUqqcMFYTCXk.obj
 0001:00006120       init_simulink_io_address   0000000180007120 f   m_mGg5kldJFMUqqcMFYTCXk.obj
 0001:00006170       mdlOutputs_mGg5kldJFMUqqcMFYTCXk 0000000180007170 f   m_mGg5kldJFMUqqcMFYTCXk.obj
 0001:000061b0       mdlInitialize_mGg5kldJFMUqqcMFYTCXk 00000001800071b0 f   m_mGg5kldJFMUqqcMFYTCXk.obj
 0001:000061e0       mdlUpdate_mGg5kldJFMUqqcMFYTCXk 00000001800071e0 f   m_mGg5kldJFMUqqcMFYTCXk.obj
 0001:00006220       mdlDerivatives_mGg5kldJFMUqqcMFYTCXk 0000000180007220 f   m_mGg5kldJFMUqqcMFYTCXk.obj
 0001:00006250       getSimState_mGg5kldJFMUqqcMFYTCXk 0000000180007250 f   m_mGg5kldJFMUqqcMFYTCXk.obj
 0001:00006290       setSimState_mGg5kldJFMUqqcMFYTCXk 0000000180007290 f   m_mGg5kldJFMUqqcMFYTCXk.obj
 0001:000062d0       mdlTerminate_mGg5kldJFMUqqcMFYTCXk 00000001800072d0 f   m_mGg5kldJFMUqqcMFYTCXk.obj
 0001:00006310       mdlEnable_mGg5kldJFMUqqcMFYTCXk 0000000180007310 f   m_mGg5kldJFMUqqcMFYTCXk.obj
 0001:00006340       mdlDisable_mGg5kldJFMUqqcMFYTCXk 0000000180007340 f   m_mGg5kldJFMUqqcMFYTCXk.obj
 0001:00006370       mdlStart_mGg5kldJFMUqqcMFYTCXk 0000000180007370 f   m_mGg5kldJFMUqqcMFYTCXk.obj
 0001:00006480       mdlProcessParameters_mGg5kldJFMUqqcMFYTCXk 0000000180007480 f   m_mGg5kldJFMUqqcMFYTCXk.obj
 0001:00006750       cgxe_mdl_start             0000000180007750 f   m_vhCIMhSDxW7vJ4zd5fVmYF.obj
 0001:000067e0       cgxe_mdl_initialize        00000001800077e0 f   m_vhCIMhSDxW7vJ4zd5fVmYF.obj
 0001:00006860       cgxe_mdl_outputs           0000000180007860 f   m_vhCIMhSDxW7vJ4zd5fVmYF.obj
 0001:000068e0       cgxe_mdl_update            00000001800078e0 f   m_vhCIMhSDxW7vJ4zd5fVmYF.obj
 0001:000068f0       cgxe_mdl_derivative        00000001800078f0 f   m_vhCIMhSDxW7vJ4zd5fVmYF.obj
 0001:00006900       cgxe_mdl_enable            0000000180007900 f   m_vhCIMhSDxW7vJ4zd5fVmYF.obj
 0001:00006910       cgxe_mdl_disable           0000000180007910 f   m_vhCIMhSDxW7vJ4zd5fVmYF.obj
 0001:00006920       cgxe_mdl_terminate         0000000180007920 f   m_vhCIMhSDxW7vJ4zd5fVmYF.obj
 0001:00006970       mw__internal__system__init__fcn 0000000180007970 f   m_vhCIMhSDxW7vJ4zd5fVmYF.obj
 0001:00006990       mw__internal__system__terminate__fcn 0000000180007990 f   m_vhCIMhSDxW7vJ4zd5fVmYF.obj
 0001:00006a00       mw__internal__call__setup  0000000180007a00 f   m_vhCIMhSDxW7vJ4zd5fVmYF.obj
 0001:00006dd0       SystemCore_checkTunablePropChange 0000000180007dd0 f   m_vhCIMhSDxW7vJ4zd5fVmYF.obj
 0001:00006fd0       mw__internal__call__reset  0000000180007fd0 f   m_vhCIMhSDxW7vJ4zd5fVmYF.obj
 0001:00007340       mw__internal__call__step   0000000180008340 f   m_vhCIMhSDxW7vJ4zd5fVmYF.obj
 0001:000077c0       emlrt_marshallOut          00000001800087c0 f   m_vhCIMhSDxW7vJ4zd5fVmYF.obj
 0001:000079f0       cgxe_mdl_get_sim_state     00000001800089f0 f   m_vhCIMhSDxW7vJ4zd5fVmYF.obj
 0001:00007a30       emlrt_marshallIn           0000000180008a30 f   m_vhCIMhSDxW7vJ4zd5fVmYF.obj
 0001:00007b20       b_emlrt_marshallIn         0000000180008b20 f   m_vhCIMhSDxW7vJ4zd5fVmYF.obj
 0001:00007bf0       c_emlrt_marshallIn         0000000180008bf0 f   m_vhCIMhSDxW7vJ4zd5fVmYF.obj
 0001:00007e20       d_emlrt_marshallIn         0000000180008e20 f   m_vhCIMhSDxW7vJ4zd5fVmYF.obj
 0001:00007e70       e_emlrt_marshallIn         0000000180008e70 f   m_vhCIMhSDxW7vJ4zd5fVmYF.obj
 0001:00007ec0       f_emlrt_marshallIn         0000000180008ec0 f   m_vhCIMhSDxW7vJ4zd5fVmYF.obj
 0001:00007f30       cgxe_mdl_set_sim_state     0000000180008f30 f   m_vhCIMhSDxW7vJ4zd5fVmYF.obj
 0001:00007fa0       message                    0000000180008fa0 f   m_vhCIMhSDxW7vJ4zd5fVmYF.obj
 0001:00008040       getString                  0000000180009040 f   m_vhCIMhSDxW7vJ4zd5fVmYF.obj
 0001:000080b0       error                      00000001800090b0 f   m_vhCIMhSDxW7vJ4zd5fVmYF.obj
[...]
 0003:000020e0       $SG17441                   00000001800190e0     MotorWorking_cgxe_registry.obj
 0003:000020f8       $SG17443                   00000001800190f8     MotorWorking_cgxe_registry.obj
 0003:00002110       $SG17454                   0000000180019110     MotorWorking_cgxe_registry.obj
 0003:00002138       _sfcnName                  0000000180019138     MotorWorking_cgxe_registry.obj
 0003:00002170       $SG17469                   0000000180019170     MotorWorking_cgxe_registry.obj
 0003:000021f0       $SG17473                   00000001800191f0     MotorWorking_cgxe_registry.obj
 0003:00002268       $SG17778                   0000000180019268     MotorWorking_cgxe_registry.obj
 0003:00002280       $SG17779                   0000000180019280     MotorWorking_cgxe_registry.obj
 0003:00002298       $SG17791                   0000000180019298     MotorWorking_cgxe_registry.obj
 0003:000022a8       $SG17927                   00000001800192a8     MotorWorking_cgxe_registry.obj
 0003:000022e8       $SG17928                   00000001800192e8     MotorWorking_cgxe_registry.obj
 0003:000022f8       $SG17929                   00000001800192f8     MotorWorking_cgxe_registry.obj
 0003:00002300       $SG17933                   0000000180019300     MotorWorking_cgxe_registry.obj
 0003:00002348       $SG17934                   0000000180019348     MotorWorking_cgxe_registry.obj
 0003:00002358       $SG17935                   0000000180019358     MotorWorking_cgxe_registry.obj
 0003:00002360       $SG17936                   0000000180019360     MotorWorking_cgxe_registry.obj
 0003:000023b8       $SG17937                   00000001800193b8     MotorWorking_cgxe_registry.obj
 0003:000023c8       $SG17938                   00000001800193c8     MotorWorking_cgxe_registry.obj
 0003:000023d0       $SG17958                   00000001800193d0     MotorWorking_cgxe_registry.obj
 0003:00002410       $SG17959                   0000000180019410     MotorWorking_cgxe_registry.obj
 0003:00002420       $SG17960                   0000000180019420     MotorWorking_cgxe_registry.obj
 0003:00002430       $SG17964                   0000000180019430     MotorWorking_cgxe_registry.obj
 0003:00002478       $SG17965                   0000000180019478     MotorWorking_cgxe_registry.obj
 0003:00002488       $SG17966                   0000000180019488     MotorWorking_cgxe_registry.obj
 0003:00002490       $SG17967                   0000000180019490     MotorWorking_cgxe_registry.obj
 0003:000024e8       $SG17968                   00000001800194e8     MotorWorking_cgxe_registry.obj
 0003:000024f8       $SG17969                   00000001800194f8     MotorWorking_cgxe_registry.obj
 0003:00002500       $SG17988                   0000000180019500     MotorWorking_cgxe_registry.obj
 0003:00002550       $SG17989                   0000000180019550     MotorWorking_cgxe_registry.obj
 0003:00002560       $SG17990                   0000000180019560     MotorWorking_cgxe_registry.obj
 0003:00002570       $SG17999                   0000000180019570     MotorWorking_cgxe_registry.obj
 0003:000025d0       $SG18000                   00000001800195d0     MotorWorking_cgxe_registry.obj
 0003:000025d8       $SG18001                   00000001800195d8     MotorWorking_cgxe_registry.obj
 0003:000025e0       $SG18010                   00000001800195e0     MotorWorking_cgxe_registry.obj
 0003:00002640       $SG18011                   0000000180019640     MotorWorking_cgxe_registry.obj
 0003:00002648       $SG18012                   0000000180019648     MotorWorking_cgxe_registry.obj
 0003:00002650       $SG18318                   0000000180019650     MotorWorking_cgxe_registry.obj
 0003:000026d0       $SG18321                   00000001800196d0     MotorWorking_cgxe_registry.obj
 0003:00002750       $SG18326                   0000000180019750     MotorWorking_cgxe_registry.obj
 0003:000027d0       $SG18334                   00000001800197d0     MotorWorking_cgxe_registry.obj
 0003:00002840       $SG18607                   0000000180019840     MotorWorking_cgxe_registry.obj
 0003:000028c0       $SG18612                   00000001800198c0     MotorWorking_cgxe_registry.obj
 0003:00002938       $SG18936                   0000000180019938     MotorWorking_cgxe_registry.obj
 0003:00002950       $SG18949                   0000000180019950     MotorWorking_cgxe_registry.obj
 0003:000029c8       $SG18952                   00000001800199c8     MotorWorking_cgxe_registry.obj
 0003:000029cc       $SG19004                   00000001800199cc     MotorWorking_cgxe_registry.obj
 0003:000029d4       $SG19005                   00000001800199d4     MotorWorking_cgxe_registry.obj
 0003:000029dc       $SG19006                   00000001800199dc     MotorWorking_cgxe_registry.obj
 0003:000029f0       $SG19007                   00000001800199f0     MotorWorking_cgxe_registry.obj
 0003:00002a70       $SG19009                   0000000180019a70     MotorWorking_cgxe_registry.obj
 0003:00002aec       $SG19012                   0000000180019aec     MotorWorking_cgxe_registry.obj
 0003:00002af4       $SG19015                   0000000180019af4     MotorWorking_cgxe_registry.obj
 0003:00002afc       $SG19018                   0000000180019afc     MotorWorking_cgxe_registry.obj
 0003:00002b10       $SG19019                   0000000180019b10     MotorWorking_cgxe_registry.obj
 0003:00002b90       $SG19020                   0000000180019b90     MotorWorking_cgxe_registry.obj
 0003:00002ba0       $SG19022                   0000000180019ba0     MotorWorking_cgxe_registry.obj
 0003:00002bac       $SG19024                   0000000180019bac     MotorWorking_cgxe_registry.obj
 0003:00002bb4       $SG19026                   0000000180019bb4     MotorWorking_cgxe_registry.obj
 0003:00002bc0       $SG19028                   0000000180019bc0     MotorWorking_cgxe_registry.obj
 0003:00002bcc       $SG19030                   0000000180019bcc     MotorWorking_cgxe_registry.obj
 0003:00002bd0       $SG19033                   0000000180019bd0     MotorWorking_cgxe_registry.obj
 0003:00002cb8       $SG19143                   0000000180019cb8     MotorWorking_cgxe_registry.obj
 0003:00002ce8       $SG19144                   0000000180019ce8     MotorWorking_cgxe_registry.obj
 0003:00002cf8       $SG19145                   0000000180019cf8     MotorWorking_cgxe_registry.obj
 0003:00002d00       $SG19147                   0000000180019d00     MotorWorking_cgxe_registry.obj
 0003:00002d38       $SG19148                   0000000180019d38     MotorWorking_cgxe_registry.obj
 0003:00002d48       $SG19149                   0000000180019d48     MotorWorking_cgxe_registry.obj
 0003:00002d50       $SG19152                   0000000180019d50     MotorWorking_cgxe_registry.obj
 0003:00002d88       $SG19153                   0000000180019d88     MotorWorking_cgxe_registry.obj
 0003:00002d98       $SG19154                   0000000180019d98     MotorWorking_cgxe_registry.obj
 0003:00002da0       $SG19156                   0000000180019da0     MotorWorking_cgxe_registry.obj
 0003:00002dd8       $SG19157                   0000000180019dd8     MotorWorking_cgxe_registry.obj
 0003:00002de8       $SG19158                   0000000180019de8     MotorWorking_cgxe_registry.obj
 0003:00002df0       $SG19160                   0000000180019df0     MotorWorking_cgxe_registry.obj
 0003:00002e28       $SG19161                   0000000180019e28     MotorWorking_cgxe_registry.obj
 0003:00002e38       $SG19162                   0000000180019e38     MotorWorking_cgxe_registry.obj
 0003:00002e40       $SG19165                   0000000180019e40     MotorWorking_cgxe_registry.obj
 0003:00002e58       $SG19167                   0000000180019e58     MotorWorking_cgxe_registry.obj
 0003:00002e70       $SG19168                   0000000180019e70     MotorWorking_cgxe_registry.obj
 0003:00002ea8       $SG19169                   0000000180019ea8     MotorWorking_cgxe_registry.obj
 0003:00002eb8       $SG19170                   0000000180019eb8     MotorWorking_cgxe_registry.obj
 0003:00002ec0       $SG19301                   0000000180019ec0     MotorWorking_cgxe_registry.obj
 0003:00002ee0       $SG19302                   0000000180019ee0     MotorWorking_cgxe_registry.obj
 0003:00002f70       $SG19308                   0000000180019f70     MotorWorking_cgxe_registry.obj
 0003:00002f90       $SG19309                   0000000180019f90     MotorWorking_cgxe_registry.obj
 0003:00003020       $SG19315                   000000018001a020     MotorWorking_cgxe_registry.obj
 0003:00003040       $SG19316                   000000018001a040     MotorWorking_cgxe_registry.obj
 0003:000030d0       $SG19322                   000000018001a0d0     MotorWorking_cgxe_registry.obj
 0003:000030f0       $SG19323                   000000018001a0f0     MotorWorking_cgxe_registry.obj
 0003:00003180       $SG19329                   000000018001a180     MotorWorking_cgxe_registry.obj
 0003:000031a0       $SG19330                   000000018001a1a0     MotorWorking_cgxe_registry.obj
 0003:00003230       $SG19334                   000000018001a230     MotorWorking_cgxe_registry.obj
 0003:00003250       $SG19335                   000000018001a250     MotorWorking_cgxe_registry.obj
 0003:000032e0       $SG19339                   000000018001a2e0     MotorWorking_cgxe_registry.obj
 0003:00003310       $SG19340                   000000018001a310     MotorWorking_cgxe_registry.obj
 0003:000033a0       $SG19344                   000000018001a3a0     MotorWorking_cgxe_registry.obj
 0003:000033d0       $SG19345                   000000018001a3d0     MotorWorking_cgxe_registry.obj
 0003:00003460       $SG19349                   000000018001a460     MotorWorking_cgxe_registry.obj
 0003:00003480       $SG19350                   000000018001a480     MotorWorking_cgxe_registry.obj
 0003:00003510       $SG19354                   000000018001a510     MotorWorking_cgxe_registry.obj
 0003:00003530       $SG19355                   000000018001a530     MotorWorking_cgxe_registry.obj
 0003:000035c0       $SG19359                   000000018001a5c0     MotorWorking_cgxe_registry.obj
 0003:000035e0       $SG19360                   000000018001a5e0     MotorWorking_cgxe_registry.obj
 0003:00003670       $SG19364                   000000018001a670     MotorWorking_cgxe_registry.obj
 0003:00003690       $SG19365                   000000018001a690     MotorWorking_cgxe_registry.obj
 0003:00003720       $SG19369                   000000018001a720     MotorWorking_cgxe_registry.obj
 0003:00003740       $SG19370                   000000018001a740     MotorWorking_cgxe_registry.obj
 0003:000037d0       $SG19374                   000000018001a7d0     MotorWorking_cgxe_registry.obj
 0003:000037f0       $SG19375                   000000018001a7f0     MotorWorking_cgxe_registry.obj
 0003:00003880       $SG19379                   000000018001a880     MotorWorking_cgxe_registry.obj
 0003:000038a0       $SG19380                   000000018001a8a0     MotorWorking_cgxe_registry.obj
 0003:00003930       $SG19384                   000000018001a930     MotorWorking_cgxe_registry.obj
 0003:00003950       $SG19385                   000000018001a950     MotorWorking_cgxe_registry.obj
 0003:000039e0       $SG19389                   000000018001a9e0     MotorWorking_cgxe_registry.obj
 0003:00003a00       $SG19390                   000000018001aa00     MotorWorking_cgxe_registry.obj
 0003:00003a90       $SG19395                   000000018001aa90     MotorWorking_cgxe_registry.obj
 0003:00003ab0       $SG19396                   000000018001aab0     MotorWorking_cgxe_registry.obj
 0003:00003b40       $SG19401                   000000018001ab40     MotorWorking_cgxe_registry.obj
 0003:00003b60       $SG19402                   000000018001ab60     MotorWorking_cgxe_registry.obj
 0003:00003bf0       $SG19406                   000000018001abf0     MotorWorking_cgxe_registry.obj
 0003:00003c00       $SG19407                   000000018001ac00     MotorWorking_cgxe_registry.obj
 0003:00003c90       $SG19411                   000000018001ac90     MotorWorking_cgxe_registry.obj
 0003:00003cb0       $SG19412                   000000018001acb0     MotorWorking_cgxe_registry.obj
 0003:00003d40       $SG19420                   000000018001ad40     MotorWorking_cgxe_registry.obj
 0003:00003d50       $SG19421                   000000018001ad50     MotorWorking_cgxe_registry.obj
 0003:00003de0       $SG19425                   000000018001ade0     MotorWorking_cgxe_registry.obj
 0003:00003e60       $SG19427                   000000018001ae60     MotorWorking_cgxe_registry.obj
 0003:00003ee0       $SG19431                   000000018001aee0     MotorWorking_cgxe_registry.obj
 0003:00003f60       $SG19454                   000000018001af60     MotorWorking_cgxe_registry.obj
 0003:00004078       $SG19462                   000000018001b078     MotorWorking_cgxe_registry.obj
 0003:00004088       $SG19469                   000000018001b088     MotorWorking_cgxe_registry.obj
 0003:00004098       $SG19477                   000000018001b098     MotorWorking_cgxe_registry.obj
 0003:000040a8       $SG19484                   000000018001b0a8     MotorWorking_cgxe_registry.obj
 0003:000040b8       $SG19492                   000000018001b0b8     MotorWorking_cgxe_registry.obj
 0003:000040c8       $SG19499                   000000018001b0c8     MotorWorking_cgxe_registry.obj
 0003:000040d8       $SG19505                   000000018001b0d8     MotorWorking_cgxe_registry.obj
 0003:000040f8       $SG19515                   000000018001b0f8     MotorWorking_cgxe_registry.obj
 0003:00004128       $SG19516                   000000018001b128     MotorWorking_cgxe_registry.obj
 0003:00004130       $SG19517                   000000018001b130     MotorWorking_cgxe_registry.obj
 0003:00004138       $SG19527                   000000018001b138     MotorWorking_cgxe_registry.obj
 0003:00004170       $SG19528                   000000018001b170     MotorWorking_cgxe_registry.obj
 0003:00004178       $SG19529                   000000018001b178     MotorWorking_cgxe_registry.obj
 0003:000041c0       $SG17661                   000000018001b1c0     m_bg50hRmc6UAsemHLG3AoeE.obj
 0003:000041c1       $SG17662                   000000018001b1c1     m_bg50hRmc6UAsemHLG3AoeE.obj
 0003:000041c2       $SG17664                   000000018001b1c2     m_bg50hRmc6UAsemHLG3AoeE.obj
 0003:000041c3       $SG17665                   000000018001b1c3     m_bg50hRmc6UAsemHLG3AoeE.obj
 0003:000041c4       $SG17667                   000000018001b1c4     m_bg50hRmc6UAsemHLG3AoeE.obj
 0003:000041c5       $SG17668                   000000018001b1c5     m_bg50hRmc6UAsemHLG3AoeE.obj
 0003:000041c6       $SG17670                   000000018001b1c6     m_bg50hRmc6UAsemHLG3AoeE.obj
 0003:000041c7       $SG17671                   000000018001b1c7     m_bg50hRmc6UAsemHLG3AoeE.obj
 0003:000041c8       $SG17673                   000000018001b1c8     m_bg50hRmc6UAsemHLG3AoeE.obj
 0003:000041c9       $SG17674                   000000018001b1c9     m_bg50hRmc6UAsemHLG3AoeE.obj
 0003:000041ca       $SG17679                   000000018001b1ca     m_bg50hRmc6UAsemHLG3AoeE.obj
 0003:000041cb       $SG17680                   000000018001b1cb     m_bg50hRmc6UAsemHLG3AoeE.obj
 0003:000041cc       $SG17661                   000000018001b1cc     m_dYZZzNbePGHHoKucqxRynD.obj
 0003:000041cd       $SG17662                   000000018001b1cd     m_dYZZzNbePGHHoKucqxRynD.obj
 0003:000041ce       $SG17664                   000000018001b1ce     m_dYZZzNbePGHHoKucqxRynD.obj
 0003:000041cf       $SG17665                   000000018001b1cf     m_dYZZzNbePGHHoKucqxRynD.obj
 0003:000041d0       $SG17667                   000000018001b1d0     m_dYZZzNbePGHHoKucqxRynD.obj
 0003:000041d1       $SG17668                   000000018001b1d1     m_dYZZzNbePGHHoKucqxRynD.obj
 0003:000041d2       $SG17670                   000000018001b1d2     m_dYZZzNbePGHHoKucqxRynD.obj
 0003:000041d3       $SG17671                   000000018001b1d3     m_dYZZzNbePGHHoKucqxRynD.obj
 0003:000041d4       $SG17673                   000000018001b1d4     m_dYZZzNbePGHHoKucqxRynD.obj
 0003:000041d5       $SG17674                   000000018001b1d5     m_dYZZzNbePGHHoKucqxRynD.obj
 0003:000041d6       $SG17679                   000000018001b1d6     m_dYZZzNbePGHHoKucqxRynD.obj
 0003:000041d7       $SG17680                   000000018001b1d7     m_dYZZzNbePGHHoKucqxRynD.obj
 0003:000041d8       $SG17661                   000000018001b1d8     m_mGg5kldJFMUqqcMFYTCXk.obj
 0003:000041d9       $SG17662                   000000018001b1d9     m_mGg5kldJFMUqqcMFYTCXk.obj
 0003:000041da       $SG17664                   000000018001b1da     m_mGg5kldJFMUqqcMFYTCXk.obj
 0003:000041db       $SG17665                   000000018001b1db     m_mGg5kldJFMUqqcMFYTCXk.obj
 0003:000041dc       $SG17667                   000000018001b1dc     m_mGg5kldJFMUqqcMFYTCXk.obj
 0003:000041dd       $SG17668                   000000018001b1dd     m_mGg5kldJFMUqqcMFYTCXk.obj
 0003:000041de       $SG17670                   000000018001b1de     m_mGg5kldJFMUqqcMFYTCXk.obj
 0003:000041df       $SG17671                   000000018001b1df     m_mGg5kldJFMUqqcMFYTCXk.obj
 0003:000041e0       $SG17673                   000000018001b1e0     m_mGg5kldJFMUqqcMFYTCXk.obj
 0003:000041e1       $SG17674                   000000018001b1e1     m_mGg5kldJFMUqqcMFYTCXk.obj
 0003:000041e2       $SG17679                   000000018001b1e2     m_mGg5kldJFMUqqcMFYTCXk.obj
 0003:000041e3       $SG17680                   000000018001b1e3     m_mGg5kldJFMUqqcMFYTCXk.obj
 0003:000041e4       $SG17661                   000000018001b1e4     m_vhCIMhSDxW7vJ4zd5fVmYF.obj
 0003:000041e5       $SG17662                   000000018001b1e5     m_vhCIMhSDxW7vJ4zd5fVmYF.obj
 0003:000041e6       $SG17664                   000000018001b1e6     m_vhCIMhSDxW7vJ4zd5fVmYF.obj
 0003:000041e7       $SG17665                   000000018001b1e7     m_vhCIMhSDxW7vJ4zd5fVmYF.obj
 0003:000041e8       $SG17667                   000000018001b1e8     m_vhCIMhSDxW7vJ4zd5fVmYF.obj
 0003:000041e9       $SG17668                   000000018001b1e9     m_vhCIMhSDxW7vJ4zd5fVmYF.obj
 0003:000041ea       $SG17670                   000000018001b1ea     m_vhCIMhSDxW7vJ4zd5fVmYF.obj
 0003:000041eb       $SG17671                   000000018001b1eb     m_vhCIMhSDxW7vJ4zd5fVmYF.obj
 0003:000041ec       $SG17673                   000000018001b1ec     m_vhCIMhSDxW7vJ4zd5fVmYF.obj
 0003:000041ed       $SG17674                   000000018001b1ed     m_vhCIMhSDxW7vJ4zd5fVmYF.obj
 0003:000041ee       $SG17679                   000000018001b1ee     m_vhCIMhSDxW7vJ4zd5fVmYF.obj
 0003:000041ef       $SG17680                   000000018001b1ef     m_vhCIMhSDxW7vJ4zd5fVmYF.obj
 0003:000041f0       $SG19000                   000000018001b1f0     MotorWorking_cgxe_registry.obj
 0003:000041f2       ?warningGuard@?1??ssGetRootSS@@9@9 000000018001b1f2     MotorWorking_cgxe_registry.obj
 0003:000041f3       ?warningGuard@?1??ssGetParentSS@@9@9 000000018001b1f3     MotorWorking_cgxe_registry.obj
 0003:00004200       GS_ExceptionRecord         000000018001b200     MSVCRT:gs_report.obj
 0003:000042a0       GS_ContextRecord           000000018001b2a0     MSVCRT:gs_report.obj
 0003:00004770       ?__proc_attached@@3HA      000000018001b770     MSVCRT:dll_dllmain.obj
 0003:000047b0       ?is_initialized_as_dll@@3_NA 000000018001b7b0     MSVCRT:utility.obj
 0003:000047b1       ?module_local_atexit_table_initialized@@3_NA 000000018001b7b1     MSVCRT:utility.obj
 0003:000047b8       ?module_local_atexit_table@@3U_onexit_table_t@@A 000000018001b7b8     MSVCRT:utility.obj
 0003:000047d0       ?module_local_at_quick_exit_table@@3U_onexit_table_t@@A 000000018001b7d0     MSVCRT:utility.obj
